Archive member included because of file (symbol)

c:/dave/dave-ide-4.4.2-64bit/eclipse/arm-gcc-49/bin/../lib/gcc/arm-none-eabi/4.9.3/../../../../arm-none-eabi/lib/armv7e-m/softfp\libg_nano.a(lib_a-errno.o)
                              ./Libraries/Newlib/syscalls.o (__errno)
c:/dave/dave-ide-4.4.2-64bit/eclipse/arm-gcc-49/bin/../lib/gcc/arm-none-eabi/4.9.3/../../../../arm-none-eabi/lib/armv7e-m/softfp\libg_nano.a(lib_a-impure.o)
                              c:/dave/dave-ide-4.4.2-64bit/eclipse/arm-gcc-49/bin/../lib/gcc/arm-none-eabi/4.9.3/../../../../arm-none-eabi/lib/armv7e-m/softfp\libg_nano.a(lib_a-errno.o) (_impure_ptr)
c:/dave/dave-ide-4.4.2-64bit/eclipse/arm-gcc-49/bin/../lib/gcc/arm-none-eabi/4.9.3/../../../../arm-none-eabi/lib/armv7e-m/softfp\libg_nano.a(lib_a-init.o)
                              ./Startup/startup_XMC4200.o (__libc_init_array)
c:/dave/dave-ide-4.4.2-64bit/eclipse/arm-gcc-49/bin/../lib/gcc/arm-none-eabi/4.9.3/../../../../arm-none-eabi/lib/armv7e-m/softfp\libg_nano.a(lib_a-memcpy.o)
                              ./Libraries/XMCLib/src/xmc_usbd.o (memcpy)
c:/dave/dave-ide-4.4.2-64bit/eclipse/arm-gcc-49/bin/../lib/gcc/arm-none-eabi/4.9.3/../../../../arm-none-eabi/lib/armv7e-m/softfp\libg_nano.a(lib_a-memset.o)
                              ./Libraries/XMCLib/src/xmc_usbd.o (memset)

Allocating common symbols
Common symbol       size              file

dma0_event_handlers
                    0x20              ./Libraries/XMCLib/src/xmc_dma.o
event_handler_list  0x80              ./Libraries/XMCLib/src/xmc4_scu.o
usbd_init           0x4               ./Libraries/XMCLib/src/xmc_usbd.o
xmc_device          0x208             ./Libraries/XMCLib/src/xmc_usbd.o

Discarded input sections

 .text          0x00000000        0x0 ./Startup/startup_XMC4200.o
 .data          0x00000000        0x0 ./Startup/startup_XMC4200.o
 .bss           0x00000000        0x0 ./Startup/startup_XMC4200.o
 .text          0x00000000        0x0 ./Startup/system_XMC4200.o
 .data          0x00000000        0x0 ./Startup/system_XMC4200.o
 .bss           0x00000000        0x0 ./Startup/system_XMC4200.o
 .text.delay    0x00000000       0x28 ./Startup/system_XMC4200.o
 .text.SystemCoreSetup
                0x00000000       0x70 ./Startup/system_XMC4200.o
 .text.SystemCoreClockSetup
                0x00000000      0x1e0 ./Startup/system_XMC4200.o
 .text.OSCHP_GetFrequency
                0x00000000       0x14 ./Startup/system_XMC4200.o
 .comment       0x00000000       0x71 ./Startup/system_XMC4200.o
 .text          0x00000000        0x0 ./Libraries/XMCLib/src/xmc4_eru.o
 .data          0x00000000        0x0 ./Libraries/XMCLib/src/xmc4_eru.o
 .bss           0x00000000        0x0 ./Libraries/XMCLib/src/xmc4_eru.o
 .text.XMC_ERU_Enable
                0x00000000       0x2c ./Libraries/XMCLib/src/xmc4_eru.o
 .text.XMC_ERU_Disable
                0x00000000       0x2c ./Libraries/XMCLib/src/xmc4_eru.o
 .debug_info    0x00000000      0x5ba ./Libraries/XMCLib/src/xmc4_eru.o
 .debug_abbrev  0x00000000      0x171 ./Libraries/XMCLib/src/xmc4_eru.o
 .debug_loc     0x00000000       0xa0 ./Libraries/XMCLib/src/xmc4_eru.o
 .debug_aranges
                0x00000000       0x28 ./Libraries/XMCLib/src/xmc4_eru.o
 .debug_ranges  0x00000000       0x18 ./Libraries/XMCLib/src/xmc4_eru.o
 .debug_line    0x00000000      0x2a5 ./Libraries/XMCLib/src/xmc4_eru.o
 .debug_str     0x00000000      0x794 ./Libraries/XMCLib/src/xmc4_eru.o
 .comment       0x00000000       0x71 ./Libraries/XMCLib/src/xmc4_eru.o
 .debug_frame   0x00000000       0x60 ./Libraries/XMCLib/src/xmc4_eru.o
 .ARM.attributes
                0x00000000       0x37 ./Libraries/XMCLib/src/xmc4_eru.o
 .text          0x00000000        0x0 ./Libraries/XMCLib/src/xmc4_flash.o
 .data          0x00000000        0x0 ./Libraries/XMCLib/src/xmc4_flash.o
 .bss           0x00000000        0x0 ./Libraries/XMCLib/src/xmc4_flash.o
 .text.XMC_FLASH_lEnterPageModeCommand
                0x00000000       0x20 ./Libraries/XMCLib/src/xmc4_flash.o
 .text.XMC_FLASH_lLoadPageCommand
                0x00000000       0x30 ./Libraries/XMCLib/src/xmc4_flash.o
 .text.XMC_FLASH_lWritePageCommand
                0x00000000       0x44 ./Libraries/XMCLib/src/xmc4_flash.o
 .text.XMC_FLASH_lWriteUCBPageCommand
                0x00000000       0x44 ./Libraries/XMCLib/src/xmc4_flash.o
 .text.XMC_FLASH_lEraseSectorCommand
                0x00000000       0x58 ./Libraries/XMCLib/src/xmc4_flash.o
 .text.XMC_FLASH_lDisableSectorWriteProtectionCommand
                0x00000000       0x64 ./Libraries/XMCLib/src/xmc4_flash.o
 .text.XMC_FLASH_lDisableReadProtectionCommand
                0x00000000       0x60 ./Libraries/XMCLib/src/xmc4_flash.o
 .text.XMC_FLASH_lClearStatusCommand
                0x00000000       0x20 ./Libraries/XMCLib/src/xmc4_flash.o
 .text.XMC_FLASH_ClearStatus
                0x00000000        0xc ./Libraries/XMCLib/src/xmc4_flash.o
 .text.XMC_FLASH_GetStatus
[...]
Memory Configuration

Name             Origin             Length             Attributes
FLASH_1_cached   0x08000000         0x00040000         xr
FLASH_1_uncached 0x0c000000         0x00040000         xr
PSRAM_1          0x1fffc000         0x00004000         !xr
DSRAM_1_system   0x20000000         0x00006000         !xr
SRAM_combined    0x1fffc000         0x0000a000         !xr
*default*        0x00000000         0xffffffff

Linker script and memory map

LOAD ./Startup/startup_XMC4200.o
LOAD ./Startup/system_XMC4200.o
LOAD ./Libraries/XMCLib/src/xmc4_eru.o
LOAD ./Libraries/XMCLib/src/xmc4_flash.o
LOAD ./Libraries/XMCLib/src/xmc4_gpio.o
LOAD ./Libraries/XMCLib/src/xmc4_rtc.o
LOAD ./Libraries/XMCLib/src/xmc4_scu.o
LOAD ./Libraries/XMCLib/src/xmc_can.o
LOAD ./Libraries/XMCLib/src/xmc_ccu4.o
LOAD ./Libraries/XMCLib/src/xmc_ccu8.o
LOAD ./Libraries/XMCLib/src/xmc_common.o
LOAD ./Libraries/XMCLib/src/xmc_dac.o
LOAD ./Libraries/XMCLib/src/xmc_dma.o
LOAD ./Libraries/XMCLib/src/xmc_dsd.o
LOAD ./Libraries/XMCLib/src/xmc_ebu.o
LOAD ./Libraries/XMCLib/src/xmc_ecat.o
LOAD ./Libraries/XMCLib/src/xmc_eru.o
LOAD ./Libraries/XMCLib/src/xmc_eth_mac.o
LOAD ./Libraries/XMCLib/src/xmc_eth_phy_dp83848.o
LOAD ./Libraries/XMCLib/src/xmc_eth_phy_ksz8031rnl.o
LOAD ./Libraries/XMCLib/src/xmc_eth_phy_ksz8081rnb.o
LOAD ./Libraries/XMCLib/src/xmc_fce.o
LOAD ./Libraries/XMCLib/src/xmc_gpio.o
LOAD ./Libraries/XMCLib/src/xmc_hrpwm.o
LOAD ./Libraries/XMCLib/src/xmc_i2c.o
LOAD ./Libraries/XMCLib/src/xmc_i2s.o
LOAD ./Libraries/XMCLib/src/xmc_ledts.o
LOAD ./Libraries/XMCLib/src/xmc_posif.o
LOAD ./Libraries/XMCLib/src/xmc_rtc.o
LOAD ./Libraries/XMCLib/src/xmc_sdmmc.o
LOAD ./Libraries/XMCLib/src/xmc_spi.o
LOAD ./Libraries/XMCLib/src/xmc_uart.o
LOAD ./Libraries/XMCLib/src/xmc_usbd.o
LOAD ./Libraries/XMCLib/src/xmc_usbh.o
LOAD ./Libraries/XMCLib/src/xmc_usic.o
LOAD ./Libraries/XMCLib/src/xmc_vadc.o
LOAD ./Libraries/XMCLib/src/xmc_wdt.o
LOAD ./Libraries/Newlib/syscalls.o
LOAD ./Dave/Generated/INTERRUPT/interrupt.o
LOAD ./Dave/Generated/INTERRUPT/interrupt_conf.o
LOAD ./Dave/Generated/GLOBAL_CAN/global_can.o
LOAD ./Dave/Generated/GLOBAL_CAN/global_can_conf.o
LOAD ./Dave/Generated/DIGITAL_IO/digital_io.o
LOAD ./Dave/Generated/DIGITAL_IO/digital_io_conf.o
LOAD ./Dave/Generated/CPU_CTRL_XMC4/cpu_ctrl_xmc4.o
LOAD ./Dave/Generated/CPU_CTRL_XMC4/cpu_ctrl_xmc4_conf.o
LOAD ./Dave/Generated/CLOCK_XMC4/clock_xmc4.o
LOAD ./Dave/Generated/CLOCK_XMC4/clock_xmc4_conf.o
LOAD ./Dave/Generated/CAN_NODE/can_node.o
LOAD ./Dave/Generated/CAN_NODE/can_node_conf.o
LOAD ./Dave/Generated/DAVE.o
LOAD ./main.o
LOAD c:/dave/dave-ide-4.4.2-64bit/eclipse/arm-gcc-49/bin/../lib/gcc/arm-none-eabi/4.9.3/../../../../arm-none-eabi/lib/armv7e-m/softfp\libm.a
START GROUP
LOAD c:/dave/dave-ide-4.4.2-64bit/eclipse/arm-gcc-49/bin/../lib/gcc/arm-none-eabi/4.9.3/armv7e-m/softfp\libgcc.a
LOAD c:/dave/dave-ide-4.4.2-64bit/eclipse/arm-gcc-49/bin/../lib/gcc/arm-none-eabi/4.9.3/../../../../arm-none-eabi/lib/armv7e-m/softfp\libg_nano.a
LOAD c:/dave/dave-ide-4.4.2-64bit/eclipse/arm-gcc-49/bin/../lib/gcc/arm-none-eabi/4.9.3/../../../../arm-none-eabi/lib/armv7e-m/softfp\libc_nano.a
END GROUP
START GROUP
LOAD c:/dave/dave-ide-4.4.2-64bit/eclipse/arm-gcc-49/bin/../lib/gcc/arm-none-eabi/4.9.3/armv7e-m/softfp\libgcc.a
LOAD c:/dave/dave-ide-4.4.2-64bit/eclipse/arm-gcc-49/bin/../lib/gcc/arm-none-eabi/4.9.3/../../../../arm-none-eabi/lib/armv7e-m/softfp\libc_nano.a
LOAD c:/dave/dave-ide-4.4.2-64bit/eclipse/arm-gcc-49/bin/../lib/gcc/arm-none-eabi/4.9.3/../../../../arm-none-eabi/lib/armv7e-m/softfp\libnosys.a
END GROUP
START GROUP
LOAD c:/dave/dave-ide-4.4.2-64bit/eclipse/arm-gcc-49/bin/../lib/gcc/arm-none-eabi/4.9.3/armv7e-m/softfp\libgcc.a
LOAD c:/dave/dave-ide-4.4.2-64bit/eclipse/arm-gcc-49/bin/../lib/gcc/arm-none-eabi/4.9.3/../../../../arm-none-eabi/lib/armv7e-m/softfp\libc_nano.a
LOAD c:/dave/dave-ide-4.4.2-64bit/eclipse/arm-gcc-49/bin/../lib/gcc/arm-none-eabi/4.9.3/../../../../arm-none-eabi/lib/armv7e-m/softfp\libnosys.a
END GROUP
                0x00000800                stack_size = DEFINED (stack_size)?stack_size:0x800
                0x00000040                no_init_size = 0x40

.text           0x08000000     0x2044 load address 0x0c000000
                0x08000000                sText = .
 *(.reset)
 .reset         0x08000000      0x294 ./Startup/startup_XMC4200.o
                0x08000000                __Vectors
                0x08000200                Reset_Handler
                0x08000290                DebugMon_Handler
                0x08000290                VADC0_C0_0_IRQHandler
                0x08000290                CAN0_4_IRQHandler
                0x08000290                USIC0_5_IRQHandler
                0x08000290                POSIF0_0_IRQHandler
                0x08000290                HardFault_Handler
                0x08000290                VADC0_G1_1_IRQHandler
                0x08000290                SysTick_Handler
                0x08000290                PendSV_Handler
                0x08000290                NMI_Handler
                0x08000290                USIC1_3_IRQHandler
                0x08000290                CCU40_2_IRQHandler
                0x08000290                SCU_0_IRQHandler
                0x08000290                ERU0_0_IRQHandler
                0x08000290                CCU41_0_IRQHandler
                0x08000290                USIC1_5_IRQHandler
                0x08000290                CCU80_1_IRQHandler
                0x08000290                HRPWM_0_IRQHandler
                0x08000290                HRPWM_1_IRQHandler
                0x08000290                UsageFault_Handler
                0x08000290                USIC0_0_IRQHandler
                0x08000290                ERU0_2_IRQHandler
                0x08000290                ERU1_1_IRQHandler
                0x08000290                ERU0_3_IRQHandler
                0x08000290                VADC0_C0_3_IRQHandler
                0x08000290                CAN0_6_IRQHandler
                0x08000290                VADC0_G0_1_IRQHandler
                0x08000290                USIC1_1_IRQHandler
                0x08000290                CCU40_0_IRQHandler
                0x08000290                CAN0_0_IRQHandler
                0x08000290                ERU1_0_IRQHandler
                0x08000290                HRPWM_3_IRQHandler
                0x08000290                Default_Handler
                0x08000290                USIC1_4_IRQHandler
                0x08000290                ERU1_3_IRQHandler
                0x08000290                USIC1_0_IRQHandler
                0x08000290                POSIF0_1_IRQHandler
                0x08000290                VADC0_G0_0_IRQHandler
                0x08000290                CCU80_3_IRQHandler
                0x08000290                CCU41_3_IRQHandler
                0x08000290                CCU80_2_IRQHandler
                0x08000290                VADC0_G1_3_IRQHandler
                0x08000290                VADC0_G0_3_IRQHandler
                0x08000290                GPDMA0_0_IRQHandler
                0x08000290                PMU0_0_IRQHandler
                0x08000290                CAN0_7_IRQHandler
                0x08000290                CCU41_2_IRQHandler
                0x08000290                VADC0_C0_1_IRQHandler
                0x08000290                MemManage_Handler
                0x08000290                DAC0_0_IRQHandler
                0x08000290                SVC_Handler
                0x08000290                ERU1_2_IRQHandler
                0x08000290                CCU41_1_IRQHandler
                0x08000290                VADC0_G1_2_IRQHandler
                0x08000290                CAN0_2_IRQHandler
                0x08000290                VADC0_G0_2_IRQHandler
                0x08000290                CAN0_3_IRQHandler
                0x08000290                USIC0_3_IRQHandler
                0x08000290                HRPWM_2_IRQHandler
                0x08000290                VADC0_C0_2_IRQHandler
                0x08000290                FCE0_0_IRQHandler
                0x08000290                VADC0_G1_0_IRQHandler
                0x08000290                USB0_0_IRQHandler
                0x08000290                CAN0_5_IRQHandler
                0x08000290                CCU80_0_IRQHandler
                0x08000290                CCU40_1_IRQHandler
                0x08000290                USIC0_1_IRQHandler
                0x08000290                CCU40_3_IRQHandler
                0x08000290                BusFault_Handler
                0x08000290                LEDTS0_0_IRQHandler
                0x08000290                USIC0_4_IRQHandler
                0x08000290                ERU0_1_IRQHandler
                0x08000290                USIC1_2_IRQHandler
                0x08000290                USIC0_2_IRQHandler
                0x08000290                DAC0_1_IRQHandler
 *(.text .text.* .gnu.linkonce.t.*)
 .text.SystemInit
                0x08000294       0x34 ./Startup/system_XMC4200.o
                0x08000294                SystemInit
 .text.SystemCoreClockUpdate
                0x080002c8       0xd4 ./Startup/system_XMC4200.o
                0x080002c8                SystemCoreClockUpdate
 .text.XMC_GPIO_Init
                0x0800039c      0x140 ./Libraries/XMCLib/src/xmc4_gpio.o
                0x0800039c                XMC_GPIO_Init
 .text.XMC_SCU_CLOCK_GetCpuClockFrequency
                0x080004dc       0x18 ./Libraries/XMCLib/src/xmc4_scu.o
 .text.XMC_SCU_GetMirrorStatus
                0x080004f4       0x18 ./Libraries/XMCLib/src/xmc4_scu.o
 .text.XMC_SCU_lDelay
                0x0800050c       0x44 ./Libraries/XMCLib/src/xmc4_scu.o
 .text.XMC_SCU_INTERUPT_GetEventStatus
                0x08000550       0x18 ./Libraries/XMCLib/src/xmc4_scu.o
                0x08000550                XMC_SCU_INTERUPT_GetEventStatus
 .text.XMC_SCU_INTERRUPT_ClearEventStatus
                0x08000568       0x1c ./Libraries/XMCLib/src/xmc4_scu.o
                0x08000568                XMC_SCU_INTERRUPT_ClearEventStatus
 .text.XMC_SCU_CLOCK_Init
                0x08000584       0xec ./Libraries/XMCLib/src/xmc4_scu.o
                0x08000584                XMC_SCU_CLOCK_Init
 .text.XMC_SCU_RESET_DeassertPeripheralReset
                0x08000670       0x38 ./Libraries/XMCLib/src/xmc4_scu.o
                0x08000670                XMC_SCU_RESET_DeassertPeripheralReset
 .text.XMC_SCU_CLOCK_GetPeripheralClockFrequency
                0x080006a8       0x20 ./Libraries/XMCLib/src/xmc4_scu.o
                0x080006a8                XMC_SCU_CLOCK_GetPeripheralClockFrequency
 .text.XMC_SCU_CLOCK_SetSystemClockSource
                0x080006c8       0x28 ./Libraries/XMCLib/src/xmc4_scu.o
                0x080006c8                XMC_SCU_CLOCK_SetSystemClockSource
 .text.XMC_SCU_CLOCK_SetUsbClockSource
                0x080006f0       0x28 ./Libraries/XMCLib/src/xmc4_scu.o
                0x080006f0                XMC_SCU_CLOCK_SetUsbClockSource
 .text.XMC_SCU_CLOCK_SetWdtClockSource
                0x08000718       0x28 ./Libraries/XMCLib/src/xmc4_scu.o
                0x08000718                XMC_SCU_CLOCK_SetWdtClockSource
 .text.XMC_SCU_CLOCK_SetSystemPllClockSource
                0x08000740       0x40 ./Libraries/XMCLib/src/xmc4_scu.o
                0x08000740                XMC_SCU_CLOCK_SetSystemPllClockSource
 .text.XMC_SCU_HIB_SetRtcClockSource
                0x08000780       0x3c ./Libraries/XMCLib/src/xmc4_scu.o
                0x08000780                XMC_SCU_HIB_SetRtcClockSource
 .text.XMC_SCU_HIB_SetStandbyClockSource
                0x080007bc       0x3c ./Libraries/XMCLib/src/xmc4_scu.o
                0x080007bc                XMC_SCU_HIB_SetStandbyClockSource
 .text.XMC_SCU_CLOCK_SetSystemClockDivider
                0x080007f8       0x28 ./Libraries/XMCLib/src/xmc4_scu.o
                0x080007f8                XMC_SCU_CLOCK_SetSystemClockDivider
 .text.XMC_SCU_CLOCK_SetCcuClockDivider
                0x08000820       0x28 ./Libraries/XMCLib/src/xmc4_scu.o
                0x08000820                XMC_SCU_CLOCK_SetCcuClockDivider
 .text.XMC_SCU_CLOCK_SetCpuClockDivider
                0x08000848       0x28 ./Libraries/XMCLib/src/xmc4_scu.o
                0x08000848                XMC_SCU_CLOCK_SetCpuClockDivider
 .text.XMC_SCU_CLOCK_SetPeripheralClockDivider
                0x08000870       0x28 ./Libraries/XMCLib/src/xmc4_scu.o
                0x08000870                XMC_SCU_CLOCK_SetPeripheralClockDivider
 .text.XMC_SCU_CLOCK_SetUsbClockDivider
                0x08000898       0x28 ./Libraries/XMCLib/src/xmc4_scu.o
                0x08000898                XMC_SCU_CLOCK_SetUsbClockDivider
 .text.XMC_SCU_CLOCK_SetWdtClockDivider
                0x080008c0       0x28 ./Libraries/XMCLib/src/xmc4_scu.o
                0x080008c0                XMC_SCU_CLOCK_SetWdtClockDivider
 .text.XMC_SCU_CLOCK_UngatePeripheralClock
                0x080008e8       0x38 ./Libraries/XMCLib/src/xmc4_scu.o
                0x080008e8                XMC_SCU_CLOCK_UngatePeripheralClock
 .text.XMC_SCU_CLOCK_StartUsbPll
                0x08000920       0x74 ./Libraries/XMCLib/src/xmc4_scu.o
                0x08000920                XMC_SCU_CLOCK_StartUsbPll
 .text.XMC_SCU_CLOCK_SetBackupClockCalibrationMode
                0x08000994       0x4c ./Libraries/XMCLib/src/xmc4_scu.o
                0x08000994                XMC_SCU_CLOCK_SetBackupClockCalibrationMode
 .text.XMC_SCU_HIB_EnableHibernateDomain
                0x080009e0       0x58 ./Libraries/XMCLib/src/xmc4_scu.o
                0x080009e0                XMC_SCU_HIB_EnableHibernateDomain
 .text.XMC_SCU_CLOCK_IsLowPowerOscillatorStable
                0x08000a38       0x24 ./Libraries/XMCLib/src/xmc4_scu.o
                0x08000a38                XMC_SCU_CLOCK_IsLowPowerOscillatorStable
 .text.XMC_SCU_CLOCK_EnableLowPowerOscillator
                0x08000a5c       0x70 ./Libraries/XMCLib/src/xmc4_scu.o
                0x08000a5c                XMC_SCU_CLOCK_EnableLowPowerOscillator
 .text.XMC_SCU_CLOCK_EnableHighPerformanceOscillator
                0x08000acc       0x50 ./Libraries/XMCLib/src/xmc4_scu.o
                0x08000acc                XMC_SCU_CLOCK_EnableHighPerformanceOscillator
 .text.XMC_SCU_CLOCK_IsHighPerformanceOscillatorStable
                0x08000b1c       0x28 ./Libraries/XMCLib/src/xmc4_scu.o
                0x08000b1c                XMC_SCU_CLOCK_IsHighPerformanceOscillatorStable
 .text.XMC_SCU_CLOCK_EnableSystemPll
                0x08000b44       0x20 ./Libraries/XMCLib/src/xmc4_scu.o
                0x08000b44                XMC_SCU_CLOCK_EnableSystemPll
 .text.XMC_SCU_CLOCK_DisableSystemPll
                0x08000b64       0x20 ./Libraries/XMCLib/src/xmc4_scu.o
                0x08000b64                XMC_SCU_CLOCK_DisableSystemPll
 .text.XMC_SCU_CLOCK_StartSystemPll
                0x08000b84      0x174 ./Libraries/XMCLib/src/xmc4_scu.o
                0x08000b84                XMC_SCU_CLOCK_StartSystemPll
 .text.XMC_SCU_CLOCK_StepSystemPllFrequency
                0x08000cf8       0x2c ./Libraries/XMCLib/src/xmc4_scu.o
                0x08000cf8                XMC_SCU_CLOCK_StepSystemPllFrequency
 .text.XMC_CAN_IsPanelControlReady
                0x08000d24       0x28 ./Libraries/XMCLib/src/xmc_can.o
 .text.XMC_CAN_PanelControl
                0x08000d4c       0x3c ./Libraries/XMCLib/src/xmc_can.o
 .text.XMC_CAN_NODE_EnableConfigurationChange
                0x08000d88       0x20 ./Libraries/XMCLib/src/xmc_can.o
 .text.XMC_CAN_NODE_DisableConfigurationChange
                0x08000da8       0x20 ./Libraries/XMCLib/src/xmc_can.o
 .text.max      0x08000dc8       0x20 ./Libraries/XMCLib/src/xmc_can.o
 .text.min      0x08000de8       0x20 ./Libraries/XMCLib/src/xmc_can.o
 .text.XMC_CAN_NODE_NominalBitTimeConfigureEx
                0x08000e08      0x14c ./Libraries/XMCLib/src/xmc_can.o
                0x08000e08                XMC_CAN_NODE_NominalBitTimeConfigureEx
 .text.XMC_CAN_AllocateMOtoNodeList
                0x08000f54       0x3c ./Libraries/XMCLib/src/xmc_can.o
                0x08000f54                XMC_CAN_AllocateMOtoNodeList
 .text.XMC_CAN_Enable
                0x08000f90       0x38 ./Libraries/XMCLib/src/xmc_can.o
                0x08000f90                XMC_CAN_Enable
 .text.XMC_CAN_SetBaudrateClockSource
                0x08000fc8       0x18 ./Libraries/XMCLib/src/xmc_can.o
                0x08000fc8                XMC_CAN_SetBaudrateClockSource
 .text.XMC_CAN_GetBaudrateClockFrequency
                0x08000fe0       0x18 ./Libraries/XMCLib/src/xmc_can.o
                0x08000fe0                XMC_CAN_GetBaudrateClockFrequency
 .text.XMC_CAN_InitEx
                0x08000ff8       0x80 ./Libraries/XMCLib/src/xmc_can.o
                0x08000ff8                XMC_CAN_InitEx
 .text.XMC_CAN_MO_Config
                0x08001078      0x138 ./Libraries/XMCLib/src/xmc_can.o
                0x08001078                XMC_CAN_MO_Config
 .text.XMC_CAN_MO_UpdateData
                0x080011b0       0x70 ./Libraries/XMCLib/src/xmc_can.o
                0x080011b0                XMC_CAN_MO_UpdateData
 .text.XMC_CAN_MO_Transmit
                0x08001220       0x5c ./Libraries/XMCLib/src/xmc_can.o
                0x08001220                XMC_CAN_MO_Transmit
 .text.XMC_CAN_MO_Receive
                0x0800127c      0x1a0 ./Libraries/XMCLib/src/xmc_can.o
                0x0800127c                XMC_CAN_MO_Receive
 .text.XMC_CAN_NODE_EnableEvent
                0x0800141c       0x38 ./Libraries/XMCLib/src/xmc_can.o
                0x0800141c                XMC_CAN_NODE_EnableEvent
 .text.XMC_GPIO_SetHardwareControl
                0x08001454       0x44 ./Libraries/XMCLib/src/xmc_gpio.o
                0x08001454                XMC_GPIO_SetHardwareControl
 .text._init    0x08001498        0xc ./Libraries/Newlib/syscalls.o
                0x08001498                _init
 .text.__NVIC_GetPriorityGrouping
                0x080014a4       0x1c ./Dave/Generated/INTERRUPT/interrupt.o
 .text.__NVIC_EnableIRQ
                0x080014c0       0x38 ./Dave/Generated/INTERRUPT/interrupt.o
 .text.__NVIC_SetPriority
                0x080014f8       0x54 ./Dave/Generated/INTERRUPT/interrupt.o
 .text.NVIC_EncodePriority
                0x0800154c       0x64 ./Dave/Generated/INTERRUPT/interrupt.o
 .text.INTERRUPT_Enable
                0x080015b0       0x1c ./Dave/Generated/INTERRUPT/interrupt.o
 .text.INTERRUPT_Init
                0x080015cc       0x4c ./Dave/Generated/INTERRUPT/interrupt.o
                0x080015cc                INTERRUPT_Init
 .text.GLOBAL_CAN_Init
                0x08001618       0x40 ./Dave/Generated/GLOBAL_CAN/global_can.o
                0x08001618                GLOBAL_CAN_Init
 .text.DIGITAL_IO_Init
                0x08001658       0x40 ./Dave/Generated/DIGITAL_IO/digital_io.o
                0x08001658                DIGITAL_IO_Init
 .text.__NVIC_SetPriorityGrouping
                0x08001698       0x48 ./Dave/Generated/CPU_CTRL_XMC4/cpu_ctrl_xmc4_conf.o
 .text.SystemCoreSetup
                0x080016e0       0xa0 ./Dave/Generated/CPU_CTRL_XMC4/cpu_ctrl_xmc4_conf.o
                0x080016e0                SystemCoreSetup
 .text.CLOCK_XMC4_Init
                0x08001780       0x20 ./Dave/Generated/CLOCK_XMC4/clock_xmc4.o
                0x08001780                CLOCK_XMC4_Init
 .text.OSCHP_GetFrequency
                0x080017a0       0x14 ./Dave/Generated/CLOCK_XMC4/clock_xmc4.o
                0x080017a0                OSCHP_GetFrequency
 .text.SystemCoreClockSetup
                0x080017b4       0x4c ./Dave/Generated/CLOCK_XMC4/clock_xmc4_conf.o
                0x080017b4                SystemCoreClockSetup
 .text.XMC_CAN_NODE_SetEventNodePointer
                0x08001800       0x38 ./Dave/Generated/CAN_NODE/can_node.o
 .text.XMC_CAN_NODE_SetReceiveInput
                0x08001838       0x2c ./Dave/Generated/CAN_NODE/can_node.o
 .text.XMC_CAN_NODE_EnableLoopBack
                0x08001864       0x20 ./Dave/Generated/CAN_NODE/can_node.o
 .text.XMC_CAN_NODE_GetStatus
                0x08001884       0x18 ./Dave/Generated/CAN_NODE/can_node.o
 .text.XMC_CAN_NODE_EnableConfigurationChange
                0x0800189c       0x20 ./Dave/Generated/CAN_NODE/can_node.o
 .text.XMC_CAN_NODE_DisableConfigurationChange
                0x080018bc       0x20 ./Dave/Generated/CAN_NODE/can_node.o
 .text.XMC_CAN_NODE_SetInitBit
                0x080018dc       0x20 ./Dave/Generated/CAN_NODE/can_node.o
 .text.XMC_CAN_NODE_ResetInitBit
                0x080018fc       0x20 ./Dave/Generated/CAN_NODE/can_node.o
 .text.XMC_CAN_NODE_ReSetAnalyzerMode
                0x0800191c       0x20 ./Dave/Generated/CAN_NODE/can_node.o
 .text.XMC_CAN_MO_SetEventNodePointer
                0x0800193c       0x3c ./Dave/Generated/CAN_NODE/can_node.o
 .text.XMC_CAN_MO_GetStatus
                0x08001978       0x1c ./Dave/Generated/CAN_NODE/can_node.o
 .text.XMC_CAN_MO_EnableEvent
                0x08001994       0x24 ./Dave/Generated/CAN_NODE/can_node.o
 .text.CAN_NODE_MO_EnableTxEvent
                0x080019b8       0x1c ./Dave/Generated/CAN_NODE/can_node.o
 .text.CAN_NODE_MO_EnableRxEvent
                0x080019d4       0x1c ./Dave/Generated/CAN_NODE/can_node.o
 .text.CAN_NODE_SetNodeEvents
                0x080019f0       0x74 ./Dave/Generated/CAN_NODE/can_node.o
 .text.CAN_NODE_SetNodePointer
                0x08001a64       0x68 ./Dave/Generated/CAN_NODE/can_node.o
 .text.CAN_NODE_MO_Init
                0x08001acc       0x58 ./Dave/Generated/CAN_NODE/can_node.o
                0x08001acc                CAN_NODE_MO_Init
 .text.CAN_NODE_MO_Transmit
                0x08001b24       0x24 ./Dave/Generated/CAN_NODE/can_node.o
                0x08001b24                CAN_NODE_MO_Transmit
 .text.CAN_NODE_MO_Receive
                0x08001b48       0x24 ./Dave/Generated/CAN_NODE/can_node.o
                0x08001b48                CAN_NODE_MO_Receive
 .text.CAN_NODE_MO_GetStatus
                0x08001b6c       0x20 ./Dave/Generated/CAN_NODE/can_node.o
                0x08001b6c                CAN_NODE_MO_GetStatus
 .text.CAN_NODE_GetStatus
                0x08001b8c       0x20 ./Dave/Generated/CAN_NODE/can_node.o
                0x08001b8c                CAN_NODE_GetStatus
 .text.CAN_NODE_Init
                0x08001bac      0x148 ./Dave/Generated/CAN_NODE/can_node.o
                0x08001bac                CAN_NODE_Init
 .text.DAVE_Init
                0x08001cf4       0x74 ./Dave/Generated/DAVE.o
                0x08001cf4                DAVE_Init
 .text.XMC_GPIO_ToggleOutput
                0x08001d68       0x24 ./main.o
 .text.XMC_GPIO_GetInput
                0x08001d8c       0x28 ./main.o
 .text.DIGITAL_IO_ToggleOutput
                0x08001db4       0x20 ./main.o
 .text.DIGITAL_IO_GetInput
                0x08001dd4       0x24 ./main.o
 .text.CAN0_1_IRQHandler
                0x08001df8       0x78 ./main.o
                0x08001df8                CAN0_1_IRQHandler
 .text.main     0x08001e70       0x5c ./main.o
                0x08001e70                main
 .text.__libc_init_array
                0x08001ecc       0x4c c:/dave/dave-ide-4.4.2-64bit/eclipse/arm-gcc-49/bin/../lib/gcc/arm-none-eabi/4.9.3/../../../../arm-none-eabi/lib/armv7e-m/softfp\libg_nano.a(lib_a-init.o)
                0x08001ecc                __libc_init_array
 *(.init)
 *(.fini)
 *crtbegin.o(.ctors)
 *crtbegin?.o(.ctors)
 *(EXCLUDE_FILE(*crtend.o *crtend?.o) .ctors)
 *(SORT(.ctors.*))
 *(.ctors)
 *crtbegin.o(.dtors)
 *crtbegin?.o(.dtors)
 *(EXCLUDE_FILE(*crtend.o *crtend?.o) .dtors)
 *(SORT(.dtors.*))
 *(.dtors)
 *(.rodata .rodata.*)
 .rodata.Receive_CAN_Handler
                0x08001f18        0x4 ./Dave/Generated/INTERRUPT/interrupt_conf.o
                0x08001f18                Receive_CAN_Handler
 .rodata.LED_Indicator
                0x08001f1c       0x14 ./Dave/Generated/DIGITAL_IO/digital_io_conf.o
                0x08001f1c                LED_Indicator
 .rodata.BoardButton
                0x08001f30       0x14 ./Dave/Generated/DIGITAL_IO/digital_io_conf.o
                0x08001f30                BoardButton
 .rodata        0x08001f44       0x14 ./Dave/Generated/CLOCK_XMC4/clock_xmc4_conf.o
 .rodata.React_Node_gpio_out
                0x08001f58        0x8 ./Dave/Generated/CAN_NODE/can_node_conf.o
                0x08001f58                React_Node_gpio_out
 .rodata.React_Node_gpio_out_config
                0x08001f60        0xc ./Dave/Generated/CAN_NODE/can_node_conf.o
                0x08001f60                React_Node_gpio_out_config
 .rodata.React_Node_gpio_in
                0x08001f6c        0x8 ./Dave/Generated/CAN_NODE/can_node_conf.o
                0x08001f6c                React_Node_gpio_in
 .rodata.React_Node_gpio_in_config
                0x08001f74        0xc ./Dave/Generated/CAN_NODE/can_node_conf.o
                0x08001f74                React_Node_gpio_in_config
 .rodata.React_Node_sr
                0x08001f80        0x4 ./Dave/Generated/CAN_NODE/can_node_conf.o
                0x08001f80                React_Node_sr
 .rodata.React_Node_LMO_01_Config
                0x08001f84        0xc ./Dave/Generated/CAN_NODE/can_node_conf.o
                0x08001f84                React_Node_LMO_01_Config
 .rodata.React_Node_LMO_02_Config
                0x08001f90        0xc ./Dave/Generated/CAN_NODE/can_node_conf.o
                0x08001f90                React_Node_LMO_02_Config
 .rodata.React_Node
                0x08001f9c       0xa8 ./Dave/Generated/CAN_NODE/can_node_conf.o
                0x08001f9c                React_Node
 *(.gnu.linkonce.r*)
 *(vtable)
                0x08002044                . = ALIGN (0x4)

.glue_7         0x08002044        0x0 load address 0x0c002044
 .glue_7        0x00000000        0x0 linker stubs

.glue_7t        0x08002044        0x0 load address 0x0c002044
 .glue_7t       0x00000000        0x0 linker stubs

.vfp11_veneer   0x08002044        0x0 load address 0x0c002044
 .vfp11_veneer  0x00000000        0x0 linker stubs

.v4_bx          0x08002044        0x0 load address 0x0c002044
 .v4_bx         0x00000000        0x0 linker stubs

.iplt           0x08002044        0x0 load address 0x0c002044
 .iplt          0x00000000        0x0 ./Startup/startup_XMC4200.o

.rel.dyn        0x08002044        0x0 load address 0x0c002044
 .rel.iplt      0x00000000        0x0 ./Startup/startup_XMC4200.o

.eh_frame_hdr
 *(.eh_frame_hdr)

.eh_frame
 *(.eh_frame)

.ARM.extab
 *(.ARM.extab* .gnu.linkonce.armextab.*)
                0x08002044                . = ALIGN (0x4)
                0x08002044                __exidx_start = .

.ARM.exidx
 *(.ARM.exidx* .gnu.linkonce.armexidx.*)
                0x08002044                __exidx_end = .
                0x08002044                . = ALIGN (0x4)

Stack           0x1fffc000      0x800
                0x1fffc000                __stack_start = .
                0x1fffc800                . = (. + stack_size)
 *fill*         0x1fffc000      0x800 
                0x1fffc800                __stack_end = .
                0x1fffc800                __initial_sp = .

.ram_code       0x1fffc800        0x0 load address 0x0c002044
                0x1fffc800                . = ALIGN (0x4)
                0x1fffc800                __ram_code_start = .
 *(.ram_code)
                0x1fffc800                . = ALIGN (0x4)
                0x1fffc800                __ram_code_end = .
                0x0c002044                __ram_code_load = LOADADDR (.ram_code)
                0x00000000                __ram_code_size = (__ram_code_end - __ram_code_start)

.data           0x1fffc800       0x5c load address 0x0c002044
                0x1fffc800                . = ALIGN (0x4)
                0x1fffc800                __data_start = .
 *(.data)
 *(.data*)
 .data.GLOBAL_CAN_0
                0x1fffc800        0xc ./Dave/Generated/GLOBAL_CAN/global_can_conf.o
                0x1fffc800                GLOBAL_CAN_0
 .data.React_Node_BitTimeConfig
                0x1fffc80c        0xc ./Dave/Generated/CAN_NODE/can_node_conf.o
                0x1fffc80c                React_Node_BitTimeConfig
 .data.React_Node_LMO_01
                0x1fffc818       0x20 ./Dave/Generated/CAN_NODE/can_node_conf.o
                0x1fffc818                React_Node_LMO_01
 .data.React_Node_LMO_02
                0x1fffc838       0x20 ./Dave/Generated/CAN_NODE/can_node_conf.o
                0x1fffc838                React_Node_LMO_02
 .data.button_state
                0x1fffc858        0x4 ./main.o
                0x1fffc858                button_state
 *(*.data)
 *(.gnu.linkonce.d*)
                0x1fffc85c                . = ALIGN (0x4)
                0x1fffc85c                PROVIDE (__preinit_array_start, .)
 *(.preinit_array)
                0x1fffc85c                PROVIDE (__preinit_array_end, .)
                0x1fffc85c                . = ALIGN (0x4)
                0x1fffc85c                PROVIDE (__init_array_start, .)
 *(SORT(.init_array.*))
 *(.init_array)
                0x1fffc85c                PROVIDE (__init_array_end, .)
                0x1fffc85c                . = ALIGN (0x4)
                0x1fffc85c                PROVIDE (__fini_array_start, .)
 *(SORT(.fini_array.*))
 *(.fini_array)
                0x1fffc85c                PROVIDE (__fini_array_end, .)
                0x1fffc85c                . = ALIGN (0x4)
                0x1fffc85c                __data_end = .
                0x0c002044                __data_load = LOADADDR (.data)
                0x0000005c                __data_size = (__data_end - __data_start)
                0x000020a0                __text_size = (((__exidx_end - sText) + __data_size) + __ram_code_size)
                0x080020a0                eText = (sText + __text_size)

.igot.plt       0x1fffc85c        0x0 load address 0x0c0020a0
 .igot.plt      0x00000000        0x0 ./Startup/startup_XMC4200.o

.bss            0x1fffc85c        0x4 load address 0x0c0020a0
                0x1fffc85c                . = ALIGN (0x4)
                0x1fffc85c                __bss_start = .
 *(.bss)
 *(.bss*)
 .bss.CLOCK_XMC4_0
                0x1fffc85c        0x4 ./Dave/Generated/CLOCK_XMC4/clock_xmc4_conf.o
                0x1fffc85c                CLOCK_XMC4_0
 *(COMMON)
 *(.gnu.linkonce.b*)
                0x1fffc860                . = ALIGN (0x4)
                0x1fffc860                __bss_end = .
                0x00000004                __bss_size = (__bss_end - __bss_start)
                0x000037a0                __shift_loc = (__bss_end >= ORIGIN (DSRAM_1_system))?0x0:(ORIGIN (DSRAM_1_system) - __bss_end)

USB_RAM         0x20000000        0x0
                0x20000000                . = ALIGN (0x4)
                0x20000000                USB_RAM_start = .
 *(USB_RAM)
                0x20000000                . = ALIGN (0x4)
                0x20000000                USB_RAM_end = .
                0x20000000                . = ALIGN (0x8)
                0x20000000                Heap_Bank1_Start = .
                0x00000000                USB_RAM_size = (USB_RAM_end - USB_RAM_start)

.no_init        0x20005fc0       0x20
                0x20005fc0                Heap_Bank1_End = .
 *(.no_init)
 .no_init       0x20005fc0       0x20 ./Startup/system_XMC4200.o
                0x20005fc0                SystemCoreClock
                0x20005fc4                g_chipid
                0x20005fd4                g_hrpwm_char_data
                0x00005fc0                Heap_Bank1_Size = (Heap_Bank1_End - Heap_Bank1_Start)
                0x00000001                ASSERT ((Heap_Bank1_Start <= Heap_Bank1_End), region SRAM_combined overflowed no_init section)

/DISCARD/
 *(.comment)

.stab
 *(.stab)

.stabstr
 *(.stabstr)

.debug
 *(.debug)

.line
 *(.line)

.debug_srcinfo
 *(.debug_srcinfo)

.debug_sfnames
 *(.debug_sfnames)

.debug_aranges  0x00000000      0x928
 *(.debug_aranges)
 .debug_aranges
                0x00000000       0x20 ./Startup/startup_XMC4200.o
 .debug_aranges
                0x00000020       0x48 ./Startup/system_XMC4200.o
 .debug_aranges
                0x00000068       0x28 ./Libraries/XMCLib/src/xmc4_gpio.o
 .debug_aranges
                0x00000090      0x428 ./Libraries/XMCLib/src/xmc4_scu.o
 .debug_aranges
                0x000004b8      0x120 ./Libraries/XMCLib/src/xmc_can.o
 .debug_aranges
                0x000005d8       0x28 ./Libraries/XMCLib/src/xmc_gpio.o
 .debug_aranges
                0x00000600       0x28 ./Libraries/Newlib/syscalls.o
 .debug_aranges
                0x00000628       0x50 ./Dave/Generated/INTERRUPT/interrupt.o
 .debug_aranges
                0x00000678       0x18 ./Dave/Generated/INTERRUPT/interrupt_conf.o
 .debug_aranges
                0x00000690       0x28 ./Dave/Generated/GLOBAL_CAN/global_can.o
 .debug_aranges
                0x000006b8       0x18 ./Dave/Generated/GLOBAL_CAN/global_can_conf.o
 .debug_aranges
                0x000006d0       0x28 ./Dave/Generated/DIGITAL_IO/digital_io.o
 .debug_aranges
                0x000006f8       0x18 ./Dave/Generated/DIGITAL_IO/digital_io_conf.o
 .debug_aranges
                0x00000710       0x28 ./Dave/Generated/CPU_CTRL_XMC4/cpu_ctrl_xmc4_conf.o
 .debug_aranges
                0x00000738       0x38 ./Dave/Generated/CLOCK_XMC4/clock_xmc4.o
 .debug_aranges
                0x00000770       0x20 ./Dave/Generated/CLOCK_XMC4/clock_xmc4_conf.o
 .debug_aranges
                0x00000790      0x118 ./Dave/Generated/CAN_NODE/can_node.o
 .debug_aranges
                0x000008a8       0x18 ./Dave/Generated/CAN_NODE/can_node_conf.o
 .debug_aranges
                0x000008c0       0x20 ./Dave/Generated/DAVE.o
 .debug_aranges
                0x000008e0       0x48 ./main.o

.debug_pubnames
 *(.debug_pubnames)

.debug_pubtypes
 *(.debug_pubtypes)

.debug_info     0x00000000     0xbc96
 *(.debug_info .gnu.linkonce.wi.*)
 .debug_info    0x00000000       0x95 ./Startup/startup_XMC4200.o
 .debug_info    0x00000095      0xa06 ./Startup/system_XMC4200.o
 .debug_info    0x00000a9b      0x4db ./Libraries/XMCLib/src/xmc4_gpio.o
 .debug_info    0x00000f76     0x26b4 ./Libraries/XMCLib/src/xmc4_scu.o
 .debug_info    0x0000362a     0x1440 ./Libraries/XMCLib/src/xmc_can.o
 .debug_info    0x00004a6a      0x456 ./Libraries/XMCLib/src/xmc_gpio.o
 .debug_info    0x00004ec0      0x11f ./Libraries/Newlib/syscalls.o
 .debug_info    0x00004fdf      0x8ec ./Dave/Generated/INTERRUPT/interrupt.o
 .debug_info    0x000058cb      0x3f7 ./Dave/Generated/INTERRUPT/interrupt_conf.o
 .debug_info    0x00005cc2      0x456 ./Dave/Generated/GLOBAL_CAN/global_can.o
 .debug_info    0x00006118      0x374 ./Dave/Generated/GLOBAL_CAN/global_can_conf.o
 .debug_info    0x0000648c      0x595 ./Dave/Generated/DIGITAL_IO/digital_io.o
 .debug_info    0x00006a21      0x4e2 ./Dave/Generated/DIGITAL_IO/digital_io_conf.o
 .debug_info    0x00006f03      0x52e ./Dave/Generated/CPU_CTRL_XMC4/cpu_ctrl_xmc4_conf.o
 .debug_info    0x00007431      0x2dd ./Dave/Generated/CLOCK_XMC4/clock_xmc4.o
 .debug_info    0x0000770e      0x43e ./Dave/Generated/CLOCK_XMC4/clock_xmc4_conf.o
 .debug_info    0x00007b4c     0x154d ./Dave/Generated/CAN_NODE/can_node.o
 .debug_info    0x00009099      0xd16 ./Dave/Generated/CAN_NODE/can_node_conf.o
 .debug_info    0x00009daf      0xfa5 ./Dave/Generated/DAVE.o
 .debug_info    0x0000ad54      0xf42 ./main.o

.debug_abbrev   0x00000000     0x1fb9
 *(.debug_abbrev)
 .debug_abbrev  0x00000000       0x14 ./Startup/startup_XMC4200.o
 .debug_abbrev  0x00000014      0x1f1 ./Startup/system_XMC4200.o
 .debug_abbrev  0x00000205      0x153 ./Libraries/XMCLib/src/xmc4_gpio.o
 .debug_abbrev  0x00000358      0x2bf ./Libraries/XMCLib/src/xmc4_scu.o
 .debug_abbrev  0x00000617      0x2ee ./Libraries/XMCLib/src/xmc_can.o
 .debug_abbrev  0x00000905      0x144 ./Libraries/XMCLib/src/xmc_gpio.o
 .debug_abbrev  0x00000a49       0xbd ./Libraries/Newlib/syscalls.o
 .debug_abbrev  0x00000b06      0x212 ./Dave/Generated/INTERRUPT/interrupt.o
 .debug_abbrev  0x00000d18       0xd8 ./Dave/Generated/INTERRUPT/interrupt_conf.o
 .debug_abbrev  0x00000df0      0x17e ./Dave/Generated/GLOBAL_CAN/global_can.o
 .debug_abbrev  0x00000f6e      0x10c ./Dave/Generated/GLOBAL_CAN/global_can_conf.o
 .debug_abbrev  0x0000107a      0x171 ./Dave/Generated/DIGITAL_IO/digital_io.o
 .debug_abbrev  0x000011eb      0x126 ./Dave/Generated/DIGITAL_IO/digital_io_conf.o
 .debug_abbrev  0x00001311      0x1b4 ./Dave/Generated/CPU_CTRL_XMC4/cpu_ctrl_xmc4_conf.o
 .debug_abbrev  0x000014c5      0x13d ./Dave/Generated/CLOCK_XMC4/clock_xmc4.o
 .debug_abbrev  0x00001602      0x134 ./Dave/Generated/CLOCK_XMC4/clock_xmc4_conf.o
 .debug_abbrev  0x00001736      0x2b8 ./Dave/Generated/CAN_NODE/can_node.o
 .debug_abbrev  0x000019ee      0x19f ./Dave/Generated/CAN_NODE/can_node_conf.o
 .debug_abbrev  0x00001b8d      0x1bb ./Dave/Generated/DAVE.o
 .debug_abbrev  0x00001d48      0x271 ./main.o

.debug_line     0x00000000     0x47e0
 *(.debug_line)
 .debug_line    0x00000000       0x87 ./Startup/startup_XMC4200.o
 .debug_line    0x00000087      0x2ff ./Startup/system_XMC4200.o
 .debug_line    0x00000386      0x226 ./Libraries/XMCLib/src/xmc4_gpio.o
 .debug_line    0x000005ac      0xf24 ./Libraries/XMCLib/src/xmc4_scu.o
 .debug_line    0x000014d0      0x6e8 ./Libraries/XMCLib/src/xmc_can.o
 .debug_line    0x00001bb8      0x21a ./Libraries/XMCLib/src/xmc_gpio.o
 .debug_line    0x00001dd2       0xbf ./Libraries/Newlib/syscalls.o
 .debug_line    0x00001e91      0x337 ./Dave/Generated/INTERRUPT/interrupt.o
 .debug_line    0x000021c8      0x216 ./Dave/Generated/INTERRUPT/interrupt_conf.o
 .debug_line    0x000023de      0x32b ./Dave/Generated/GLOBAL_CAN/global_can.o
 .debug_line    0x00002709      0x299 ./Dave/Generated/GLOBAL_CAN/global_can_conf.o
 .debug_line    0x000029a2      0x29d ./Dave/Generated/DIGITAL_IO/digital_io.o
 .debug_line    0x00002c3f      0x20e ./Dave/Generated/DIGITAL_IO/digital_io_conf.o
 .debug_line    0x00002e4d      0x287 ./Dave/Generated/CPU_CTRL_XMC4/cpu_ctrl_xmc4_conf.o
 .debug_line    0x000030d4      0x2d3 ./Dave/Generated/CLOCK_XMC4/clock_xmc4.o
 .debug_line    0x000033a7      0x2a8 ./Dave/Generated/CLOCK_XMC4/clock_xmc4_conf.o
 .debug_line    0x0000364f      0x61c ./Dave/Generated/CAN_NODE/can_node.o
 .debug_line    0x00003c6b      0x300 ./Dave/Generated/CAN_NODE/can_node_conf.o
 .debug_line    0x00003f6b      0x3ea ./Dave/Generated/DAVE.o
 .debug_line    0x00004355      0x48b ./main.o

.debug_frame    0x00000000     0x2474
 *(.debug_frame)
 .debug_frame   0x00000000       0xec ./Startup/system_XMC4200.o
 .debug_frame   0x000000ec       0x60 ./Libraries/XMCLib/src/xmc4_gpio.o
 .debug_frame   0x0000014c     0x139c ./Libraries/XMCLib/src/xmc4_scu.o
 .debug_frame   0x000014e8      0x538 ./Libraries/XMCLib/src/xmc_can.o
 .debug_frame   0x00001a20       0x60 ./Libraries/XMCLib/src/xmc_gpio.o
 .debug_frame   0x00001a80       0x5c ./Libraries/Newlib/syscalls.o
 .debug_frame   0x00001adc      0x124 ./Dave/Generated/INTERRUPT/interrupt.o
 .debug_frame   0x00001c00       0x60 ./Dave/Generated/GLOBAL_CAN/global_can.o
 .debug_frame   0x00001c60       0x60 ./Dave/Generated/DIGITAL_IO/digital_io.o
 .debug_frame   0x00001cc0       0x60 ./Dave/Generated/CPU_CTRL_XMC4/cpu_ctrl_xmc4_conf.o
 .debug_frame   0x00001d20       0xac ./Dave/Generated/CLOCK_XMC4/clock_xmc4.o
 .debug_frame   0x00001dcc       0x3c ./Dave/Generated/CLOCK_XMC4/clock_xmc4_conf.o
 .debug_frame   0x00001e08      0x510 ./Dave/Generated/CAN_NODE/can_node.o
 .debug_frame   0x00002318       0x38 ./Dave/Generated/DAVE.o
 .debug_frame   0x00002350       0xf8 ./main.o
 .debug_frame   0x00002448       0x2c c:/dave/dave-ide-4.4.2-64bit/eclipse/arm-gcc-49/bin/../lib/gcc/arm-none-eabi/4.9.3/../../../../arm-none-eabi/lib/armv7e-m/softfp\libg_nano.a(lib_a-init.o)

.debug_str      0x00000000     0x563b
 *(.debug_str)
 .debug_str     0x00000000      0x5df ./Startup/system_XMC4200.o
                                0x651 (size before relaxing)
 .debug_str     0x000005df      0x544 ./Libraries/XMCLib/src/xmc4_gpio.o
                                0x7f4 (size before relaxing)
 .debug_str     0x00000b23     0x2628 ./Libraries/XMCLib/src/xmc4_scu.o
                               0x2b91 (size before relaxing)
 .debug_str     0x0000314b      0xb92 ./Libraries/XMCLib/src/xmc_can.o
                               0x1303 (size before relaxing)
 .debug_str     0x00003cdd       0xca ./Libraries/XMCLib/src/xmc_gpio.o
                                0x6a2 (size before relaxing)
 .debug_str     0x00003da7       0x6a ./Libraries/Newlib/syscalls.o
                                0x230 (size before relaxing)
 .debug_str     0x00003e11      0x60d ./Dave/Generated/INTERRUPT/interrupt.o
                                0x936 (size before relaxing)
 .debug_str     0x0000441e       0x41 ./Dave/Generated/INTERRUPT/interrupt_conf.o
                                0x70c (size before relaxing)
 .debug_str     0x0000445f       0xed ./Dave/Generated/GLOBAL_CAN/global_can.o
                                0x471 (size before relaxing)
 .debug_str     0x0000454c       0x3c ./Dave/Generated/GLOBAL_CAN/global_can_conf.o
                                0x38a (size before relaxing)
 .debug_str     0x00004588       0xdf ./Dave/Generated/DIGITAL_IO/digital_io.o
                                0x931 (size before relaxing)
 .debug_str     0x00004667       0x49 ./Dave/Generated/DIGITAL_IO/digital_io_conf.o
                                0x88c (size before relaxing)
 .debug_str     0x000046b0       0x94 ./Dave/Generated/CPU_CTRL_XMC4/cpu_ctrl_xmc4_conf.o
                                0x434 (size before relaxing)
 .debug_str     0x00004744       0xe7 ./Dave/Generated/CLOCK_XMC4/clock_xmc4.o
                                0x3e5 (size before relaxing)
 .debug_str     0x0000482b       0x50 ./Dave/Generated/CLOCK_XMC4/clock_xmc4_conf.o
                                0x7c5 (size before relaxing)
 .debug_str     0x0000487b      0x941 ./Dave/Generated/CAN_NODE/can_node.o
                               0x1661 (size before relaxing)
 .debug_str     0x000051bc      0x1ae ./Dave/Generated/CAN_NODE/can_node_conf.o
                                0xf83 (size before relaxing)
 .debug_str     0x0000536a       0x65 ./Dave/Generated/DAVE.o
                               0x1330 (size before relaxing)
 .debug_str     0x000053cf      0x26c ./main.o
                               0x12dd (size before relaxing)

.debug_loc      0x00000000     0x4b2e
 *(.debug_loc)
 .debug_loc     0x00000000      0x1a4 ./Startup/system_XMC4200.o
 .debug_loc     0x000001a4       0xb8 ./Libraries/XMCLib/src/xmc4_gpio.o
 .debug_loc     0x0000025c     0x2948 ./Libraries/XMCLib/src/xmc4_scu.o
 .debug_loc     0x00002ba4      0xb66 ./Libraries/XMCLib/src/xmc_can.o
 .debug_loc     0x0000370a       0xb8 ./Libraries/XMCLib/src/xmc_gpio.o
 .debug_loc     0x000037c2       0x94 ./Libraries/Newlib/syscalls.o
 .debug_loc     0x00003856      0x254 ./Dave/Generated/INTERRUPT/interrupt.o
 .debug_loc     0x00003aaa       0xac ./Dave/Generated/GLOBAL_CAN/global_can.o
 .debug_loc     0x00003b56       0xac ./Dave/Generated/DIGITAL_IO/digital_io.o
 .debug_loc     0x00003c02       0xac ./Dave/Generated/CPU_CTRL_XMC4/cpu_ctrl_xmc4_conf.o
 .debug_loc     0x00003cae      0x14c ./Dave/Generated/CLOCK_XMC4/clock_xmc4.o
 .debug_loc     0x00003dfa       0x50 ./Dave/Generated/CLOCK_XMC4/clock_xmc4_conf.o
 .debug_loc     0x00003e4a      0xab4 ./Dave/Generated/CAN_NODE/can_node.o
 .debug_loc     0x000048fe       0x50 ./Dave/Generated/DAVE.o
 .debug_loc     0x0000494e      0x1e0 ./main.o

.debug_macinfo
 *(.debug_macinfo)

.debug_ranges   0x00000000      0x7b8
 *(.debug_ranges)
 .debug_ranges  0x00000000       0x38 ./Startup/system_XMC4200.o
 .debug_ranges  0x00000038       0x18 ./Libraries/XMCLib/src/xmc4_gpio.o
 .debug_ranges  0x00000050      0x418 ./Libraries/XMCLib/src/xmc4_scu.o
 .debug_ranges  0x00000468      0x110 ./Libraries/XMCLib/src/xmc_can.o
 .debug_ranges  0x00000578       0x18 ./Libraries/XMCLib/src/xmc_gpio.o
 .debug_ranges  0x00000590       0x18 ./Libraries/Newlib/syscalls.o
 .debug_ranges  0x000005a8       0x40 ./Dave/Generated/INTERRUPT/interrupt.o
 .debug_ranges  0x000005e8       0x18 ./Dave/Generated/GLOBAL_CAN/global_can.o
 .debug_ranges  0x00000600       0x18 ./Dave/Generated/DIGITAL_IO/digital_io.o
 .debug_ranges  0x00000618       0x18 ./Dave/Generated/CPU_CTRL_XMC4/cpu_ctrl_xmc4_conf.o
 .debug_ranges  0x00000630       0x28 ./Dave/Generated/CLOCK_XMC4/clock_xmc4.o
 .debug_ranges  0x00000658       0x10 ./Dave/Generated/CLOCK_XMC4/clock_xmc4_conf.o
 .debug_ranges  0x00000668      0x108 ./Dave/Generated/CAN_NODE/can_node.o
 .debug_ranges  0x00000770       0x10 ./Dave/Generated/DAVE.o
 .debug_ranges  0x00000780       0x38 ./main.o

.debug_weaknames
 *(.debug_weaknames)

.debug_funcnames
 *(.debug_funcnames)

.debug_typenames
 *(.debug_typenames)

.debug_varnames
 *(.debug_varnames)

.build_attributes
                0x00000000      0x46c
 *(.ARM.attributes)
 .ARM.attributes
                0x00000000       0x25 ./Startup/startup_XMC4200.o
 .ARM.attributes
                0x00000025       0x37 ./Startup/system_XMC4200.o
 .ARM.attributes
                0x0000005c       0x37 ./Libraries/XMCLib/src/xmc4_gpio.o
 .ARM.attributes
                0x00000093       0x37 ./Libraries/XMCLib/src/xmc4_scu.o
 .ARM.attributes
                0x000000ca       0x37 ./Libraries/XMCLib/src/xmc_can.o
 .ARM.attributes
                0x00000101       0x37 ./Libraries/XMCLib/src/xmc_gpio.o
 .ARM.attributes
                0x00000138       0x37 ./Libraries/Newlib/syscalls.o
 .ARM.attributes
                0x0000016f       0x37 ./Dave/Generated/INTERRUPT/interrupt.o
 .ARM.attributes
                0x000001a6       0x37 ./Dave/Generated/INTERRUPT/interrupt_conf.o
 .ARM.attributes
                0x000001dd       0x37 ./Dave/Generated/GLOBAL_CAN/global_can.o
 .ARM.attributes
                0x00000214       0x37 ./Dave/Generated/GLOBAL_CAN/global_can_conf.o
 .ARM.attributes
                0x0000024b       0x37 ./Dave/Generated/DIGITAL_IO/digital_io.o
 .ARM.attributes
                0x00000282       0x37 ./Dave/Generated/DIGITAL_IO/digital_io_conf.o
 .ARM.attributes
                0x000002b9       0x37 ./Dave/Generated/CPU_CTRL_XMC4/cpu_ctrl_xmc4_conf.o
 .ARM.attributes
                0x000002f0       0x37 ./Dave/Generated/CLOCK_XMC4/clock_xmc4.o
 .ARM.attributes
                0x00000327       0x37 ./Dave/Generated/CLOCK_XMC4/clock_xmc4_conf.o
 .ARM.attributes
                0x0000035e       0x37 ./Dave/Generated/CAN_NODE/can_node.o
 .ARM.attributes
                0x00000395       0x37 ./Dave/Generated/CAN_NODE/can_node_conf.o
 .ARM.attributes
                0x000003cc       0x37 ./Dave/Generated/DAVE.o
 .ARM.attributes
                0x00000403       0x37 ./main.o
 .ARM.attributes
                0x0000043a       0x32 c:/dave/dave-ide-4.4.2-64bit/eclipse/arm-gcc-49/bin/../lib/gcc/arm-none-eabi/4.9.3/../../../../arm-none-eabi/lib/armv7e-m/softfp\libg_nano.a(lib_a-init.o)
OUTPUT(4200_CAN_Project.elf elf32-littlearm)
