Archive member included because of file (symbol)

c:/users/frank/desktop/dave-ide-4.4.2-64bit/dave-ide-4.4.2-64bit/eclipse/arm-gcc-49/bin/../lib/gcc/arm-none-eabi/4.9.3/armv7e-m/softfp\libgcc.a(_arm_addsubdf3.o)
                              ./main.o (__aeabi_i2d)
c:/users/frank/desktop/dave-ide-4.4.2-64bit/dave-ide-4.4.2-64bit/eclipse/arm-gcc-49/bin/../lib/gcc/arm-none-eabi/4.9.3/armv7e-m/softfp\libgcc.a(_arm_muldivdf3.o)
                              ./main.o (__aeabi_dmul)
c:/users/frank/desktop/dave-ide-4.4.2-64bit/dave-ide-4.4.2-64bit/eclipse/arm-gcc-49/bin/../lib/gcc/arm-none-eabi/4.9.3/armv7e-m/softfp\libgcc.a(_arm_fixdfsi.o)
                              ./main.o (__aeabi_d2iz)
c:/users/frank/desktop/dave-ide-4.4.2-64bit/dave-ide-4.4.2-64bit/eclipse/arm-gcc-49/bin/../lib/gcc/arm-none-eabi/4.9.3/armv7e-m/softfp\libgcc.a(_aeabi_uldivmod.o)
                              ./Dave/Generated/TIMER/timer.o (__aeabi_uldivmod)
c:/users/frank/desktop/dave-ide-4.4.2-64bit/dave-ide-4.4.2-64bit/eclipse/arm-gcc-49/bin/../lib/gcc/arm-none-eabi/4.9.3/armv7e-m/softfp\libgcc.a(bpabi.o)
                              c:/users/frank/desktop/dave-ide-4.4.2-64bit/dave-ide-4.4.2-64bit/eclipse/arm-gcc-49/bin/../lib/gcc/arm-none-eabi/4.9.3/armv7e-m/softfp\libgcc.a(_aeabi_uldivmod.o) (__gnu_uldivmod_helper)
c:/users/frank/desktop/dave-ide-4.4.2-64bit/dave-ide-4.4.2-64bit/eclipse/arm-gcc-49/bin/../lib/gcc/arm-none-eabi/4.9.3/armv7e-m/softfp\libgcc.a(_dvmd_tls.o)
                              c:/users/frank/desktop/dave-ide-4.4.2-64bit/dave-ide-4.4.2-64bit/eclipse/arm-gcc-49/bin/../lib/gcc/arm-none-eabi/4.9.3/armv7e-m/softfp\libgcc.a(_aeabi_uldivmod.o) (__aeabi_ldiv0)
c:/users/frank/desktop/dave-ide-4.4.2-64bit/dave-ide-4.4.2-64bit/eclipse/arm-gcc-49/bin/../lib/gcc/arm-none-eabi/4.9.3/armv7e-m/softfp\libgcc.a(_divdi3.o)
                              c:/users/frank/desktop/dave-ide-4.4.2-64bit/dave-ide-4.4.2-64bit/eclipse/arm-gcc-49/bin/../lib/gcc/arm-none-eabi/4.9.3/armv7e-m/softfp\libgcc.a(bpabi.o) (__divdi3)
c:/users/frank/desktop/dave-ide-4.4.2-64bit/dave-ide-4.4.2-64bit/eclipse/arm-gcc-49/bin/../lib/gcc/arm-none-eabi/4.9.3/armv7e-m/softfp\libgcc.a(_udivdi3.o)
                              c:/users/frank/desktop/dave-ide-4.4.2-64bit/dave-ide-4.4.2-64bit/eclipse/arm-gcc-49/bin/../lib/gcc/arm-none-eabi/4.9.3/armv7e-m/softfp\libgcc.a(bpabi.o) (__udivdi3)
c:/users/frank/desktop/dave-ide-4.4.2-64bit/dave-ide-4.4.2-64bit/eclipse/arm-gcc-49/bin/../lib/gcc/arm-none-eabi/4.9.3/../../../../arm-none-eabi/lib/armv7e-m/softfp\libg_nano.a(lib_a-errno.o)
                              ./Libraries/Newlib/syscalls.o (__errno)
c:/users/frank/desktop/dave-ide-4.4.2-64bit/dave-ide-4.4.2-64bit/eclipse/arm-gcc-49/bin/../lib/gcc/arm-none-eabi/4.9.3/../../../../arm-none-eabi/lib/armv7e-m/softfp\libg_nano.a(lib_a-impure.o)
                              c:/users/frank/desktop/dave-ide-4.4.2-64bit/dave-ide-4.4.2-64bit/eclipse/arm-gcc-49/bin/../lib/gcc/arm-none-eabi/4.9.3/../../../../arm-none-eabi/lib/armv7e-m/softfp\libg_nano.a(lib_a-errno.o) (_impure_ptr)
c:/users/frank/desktop/dave-ide-4.4.2-64bit/dave-ide-4.4.2-64bit/eclipse/arm-gcc-49/bin/../lib/gcc/arm-none-eabi/4.9.3/../../../../arm-none-eabi/lib/armv7e-m/softfp\libg_nano.a(lib_a-init.o)
                              ./Startup/startup_XMC4200.o (__libc_init_array)
c:/users/frank/desktop/dave-ide-4.4.2-64bit/dave-ide-4.4.2-64bit/eclipse/arm-gcc-49/bin/../lib/gcc/arm-none-eabi/4.9.3/../../../../arm-none-eabi/lib/armv7e-m/softfp\libg_nano.a(lib_a-memcpy.o)
                              ./Libraries/XMCLib/src/xmc_usbd.o (memcpy)
c:/users/frank/desktop/dave-ide-4.4.2-64bit/dave-ide-4.4.2-64bit/eclipse/arm-gcc-49/bin/../lib/gcc/arm-none-eabi/4.9.3/../../../../arm-none-eabi/lib/armv7e-m/softfp\libg_nano.a(lib_a-memset.o)
                              ./Libraries/XMCLib/src/xmc_usbd.o (memset)

Allocating common symbols
Common symbol       size              file

dma0_event_handlers
                    0x20              ./Libraries/XMCLib/src/xmc_dma.o
WindowState         0x4               ./main.o
event_handler_list  0x80              ./Libraries/XMCLib/src/xmc4_scu.o
stateTimingVariables
                    0x2c              ./main.o
usbd_init           0x4               ./Libraries/XMCLib/src/xmc_usbd.o
xmc_device          0x208             ./Libraries/XMCLib/src/xmc_usbd.o

Discarded input sections

 .text          0x00000000        0x0 ./Startup/startup_XMC4200.o
 .data          0x00000000        0x0 ./Startup/startup_XMC4200.o
 .bss           0x00000000        0x0 ./Startup/startup_XMC4200.o
 .text          0x00000000        0x0 ./Startup/system_XMC4200.o
 .data          0x00000000        0x0 ./Startup/system_XMC4200.o
 .bss           0x00000000        0x0 ./Startup/system_XMC4200.o
 .text.delay    0x00000000       0x28 ./Startup/system_XMC4200.o
 .text.SystemCoreSetup
                0x00000000       0x70 ./Startup/system_XMC4200.o
 .text.SystemCoreClockSetup
[...]
Memory Configuration

Name             Origin             Length             Attributes
FLASH_1_cached   0x08000000         0x00040000         xr
FLASH_1_uncached 0x0c000000         0x00040000         xr
PSRAM_1          0x1fffc000         0x00004000         !xr
DSRAM_1_system   0x20000000         0x00006000         !xr
SRAM_combined    0x1fffc000         0x0000a000         !xr
*default*        0x00000000         0xffffffff

Linker script and memory map

LOAD ./Startup/startup_XMC4200.o
LOAD ./Startup/system_XMC4200.o
LOAD ./Libraries/XMCLib/src/xmc4_eru.o
LOAD ./Libraries/XMCLib/src/xmc4_flash.o
LOAD ./Libraries/XMCLib/src/xmc4_gpio.o
LOAD ./Libraries/XMCLib/src/xmc4_rtc.o
LOAD ./Libraries/XMCLib/src/xmc4_scu.o
LOAD ./Libraries/XMCLib/src/xmc_can.o
LOAD ./Libraries/XMCLib/src/xmc_ccu4.o
LOAD ./Libraries/XMCLib/src/xmc_ccu8.o
LOAD ./Libraries/XMCLib/src/xmc_common.o
LOAD ./Libraries/XMCLib/src/xmc_dac.o
LOAD ./Libraries/XMCLib/src/xmc_dma.o
LOAD ./Libraries/XMCLib/src/xmc_dsd.o
LOAD ./Libraries/XMCLib/src/xmc_ebu.o
LOAD ./Libraries/XMCLib/src/xmc_ecat.o
LOAD ./Libraries/XMCLib/src/xmc_eru.o
LOAD ./Libraries/XMCLib/src/xmc_eth_mac.o
LOAD ./Libraries/XMCLib/src/xmc_eth_phy_dp83848.o
LOAD ./Libraries/XMCLib/src/xmc_eth_phy_ksz8031rnl.o
LOAD ./Libraries/XMCLib/src/xmc_eth_phy_ksz8081rnb.o
LOAD ./Libraries/XMCLib/src/xmc_fce.o
LOAD ./Libraries/XMCLib/src/xmc_gpio.o
LOAD ./Libraries/XMCLib/src/xmc_hrpwm.o
LOAD ./Libraries/XMCLib/src/xmc_i2c.o
LOAD ./Libraries/XMCLib/src/xmc_i2s.o
LOAD ./Libraries/XMCLib/src/xmc_ledts.o
LOAD ./Libraries/XMCLib/src/xmc_posif.o
LOAD ./Libraries/XMCLib/src/xmc_rtc.o
LOAD ./Libraries/XMCLib/src/xmc_sdmmc.o
LOAD ./Libraries/XMCLib/src/xmc_spi.o
LOAD ./Libraries/XMCLib/src/xmc_uart.o
LOAD ./Libraries/XMCLib/src/xmc_usbd.o
LOAD ./Libraries/XMCLib/src/xmc_usbh.o
LOAD ./Libraries/XMCLib/src/xmc_usic.o
LOAD ./Libraries/XMCLib/src/xmc_vadc.o
LOAD ./Libraries/XMCLib/src/xmc_wdt.o
LOAD ./Libraries/Newlib/syscalls.o
LOAD ./Dave/Generated/TIMER/timer.o
LOAD ./Dave/Generated/TIMER/timer_conf.o
LOAD ./Dave/Generated/PWM/pwm.o
LOAD ./Dave/Generated/PWM/pwm_conf.o
LOAD ./Dave/Generated/INTERRUPT/interrupt.o
LOAD ./Dave/Generated/INTERRUPT/interrupt_conf.o
LOAD ./Dave/Generated/GLOBAL_CCU4/global_ccu4.o
LOAD ./Dave/Generated/GLOBAL_CCU4/global_ccu4_conf.o
LOAD ./Dave/Generated/GLOBAL_CAN/global_can.o
LOAD ./Dave/Generated/GLOBAL_CAN/global_can_conf.o
LOAD ./Dave/Generated/DIGITAL_IO/digital_io.o
LOAD ./Dave/Generated/DIGITAL_IO/digital_io_conf.o
LOAD ./Dave/Generated/CPU_CTRL_XMC4/cpu_ctrl_xmc4.o
LOAD ./Dave/Generated/CPU_CTRL_XMC4/cpu_ctrl_xmc4_conf.o
LOAD ./Dave/Generated/CLOCK_XMC4/clock_xmc4.o
LOAD ./Dave/Generated/CLOCK_XMC4/clock_xmc4_conf.o
LOAD ./Dave/Generated/CAN_NODE/can_node.o
LOAD ./Dave/Generated/CAN_NODE/can_node_conf.o
LOAD ./Dave/Generated/DAVE.o
LOAD ./main.o
LOAD c:/users/frank/desktop/dave-ide-4.4.2-64bit/dave-ide-4.4.2-64bit/eclipse/arm-gcc-49/bin/../lib/gcc/arm-none-eabi/4.9.3/../../../../arm-none-eabi/lib/armv7e-m/softfp\libm.a
START GROUP
LOAD c:/users/frank/desktop/dave-ide-4.4.2-64bit/dave-ide-4.4.2-64bit/eclipse/arm-gcc-49/bin/../lib/gcc/arm-none-eabi/4.9.3/armv7e-m/softfp\libgcc.a
LOAD c:/users/frank/desktop/dave-ide-4.4.2-64bit/dave-ide-4.4.2-64bit/eclipse/arm-gcc-49/bin/../lib/gcc/arm-none-eabi/4.9.3/../../../../arm-none-eabi/lib/armv7e-m/softfp\libg_nano.a
LOAD c:/users/frank/desktop/dave-ide-4.4.2-64bit/dave-ide-4.4.2-64bit/eclipse/arm-gcc-49/bin/../lib/gcc/arm-none-eabi/4.9.3/../../../../arm-none-eabi/lib/armv7e-m/softfp\libc_nano.a
END GROUP
START GROUP
LOAD c:/users/frank/desktop/dave-ide-4.4.2-64bit/dave-ide-4.4.2-64bit/eclipse/arm-gcc-49/bin/../lib/gcc/arm-none-eabi/4.9.3/armv7e-m/softfp\libgcc.a
LOAD c:/users/frank/desktop/dave-ide-4.4.2-64bit/dave-ide-4.4.2-64bit/eclipse/arm-gcc-49/bin/../lib/gcc/arm-none-eabi/4.9.3/../../../../arm-none-eabi/lib/armv7e-m/softfp\libc_nano.a
LOAD c:/users/frank/desktop/dave-ide-4.4.2-64bit/dave-ide-4.4.2-64bit/eclipse/arm-gcc-49/bin/../lib/gcc/arm-none-eabi/4.9.3/../../../../arm-none-eabi/lib/armv7e-m/softfp\libnosys.a
END GROUP
START GROUP
LOAD c:/users/frank/desktop/dave-ide-4.4.2-64bit/dave-ide-4.4.2-64bit/eclipse/arm-gcc-49/bin/../lib/gcc/arm-none-eabi/4.9.3/armv7e-m/softfp\libgcc.a
LOAD c:/users/frank/desktop/dave-ide-4.4.2-64bit/dave-ide-4.4.2-64bit/eclipse/arm-gcc-49/bin/../lib/gcc/arm-none-eabi/4.9.3/../../../../arm-none-eabi/lib/armv7e-m/softfp\libc_nano.a
LOAD c:/users/frank/desktop/dave-ide-4.4.2-64bit/dave-ide-4.4.2-64bit/eclipse/arm-gcc-49/bin/../lib/gcc/arm-none-eabi/4.9.3/../../../../arm-none-eabi/lib/armv7e-m/softfp\libnosys.a
END GROUP
                0x00000800                stack_size = DEFINED (stack_size)?stack_size:0x800
                0x00000040                no_init_size = 0x40

.text           0x08000000     0x395c load address 0x0c000000
                0x08000000                sText = .
 *(.reset)
 .reset         0x08000000      0x294 ./Startup/startup_XMC4200.o
                0x08000000                __Vectors
                0x08000200                Reset_Handler
                0x08000290                DebugMon_Handler
                0x08000290                VADC0_C0_0_IRQHandler
                0x08000290                CAN0_4_IRQHandler
                0x08000290                USIC0_5_IRQHandler
                0x08000290                POSIF0_0_IRQHandler
                0x08000290                HardFault_Handler
                0x08000290                VADC0_G1_1_IRQHandler
                0x08000290                SysTick_Handler
                0x08000290                PendSV_Handler
                0x08000290                NMI_Handler
                0x08000290                USIC1_3_IRQHandler
                0x08000290                CCU40_2_IRQHandler
                0x08000290                SCU_0_IRQHandler
                0x08000290                ERU0_0_IRQHandler
                0x08000290                CCU41_0_IRQHandler
                0x08000290                USIC1_5_IRQHandler
                0x08000290                CCU80_1_IRQHandler
                0x08000290                HRPWM_0_IRQHandler
                0x08000290                HRPWM_1_IRQHandler
                0x08000290                UsageFault_Handler
                0x08000290                USIC0_0_IRQHandler
                0x08000290                ERU0_2_IRQHandler
                0x08000290                ERU1_1_IRQHandler
                0x08000290                ERU0_3_IRQHandler
                0x08000290                VADC0_C0_3_IRQHandler
                0x08000290                CAN0_6_IRQHandler
                0x08000290                VADC0_G0_1_IRQHandler
                0x08000290                USIC1_1_IRQHandler
                0x08000290                CCU40_0_IRQHandler
                0x08000290                CAN0_0_IRQHandler
                0x08000290                ERU1_0_IRQHandler
                0x08000290                HRPWM_3_IRQHandler
                0x08000290                Default_Handler
                0x08000290                USIC1_4_IRQHandler
                0x08000290                ERU1_3_IRQHandler
                0x08000290                USIC1_0_IRQHandler
                0x08000290                POSIF0_1_IRQHandler
                0x08000290                VADC0_G0_0_IRQHandler
                0x08000290                CCU80_3_IRQHandler
                0x08000290                CCU41_3_IRQHandler
                0x08000290                CCU80_2_IRQHandler
                0x08000290                VADC0_G1_3_IRQHandler
                0x08000290                VADC0_G0_3_IRQHandler
                0x08000290                GPDMA0_0_IRQHandler
                0x08000290                PMU0_0_IRQHandler
                0x08000290                CAN0_7_IRQHandler
                0x08000290                CCU41_2_IRQHandler
                0x08000290                VADC0_C0_1_IRQHandler
                0x08000290                MemManage_Handler
                0x08000290                DAC0_0_IRQHandler
                0x08000290                SVC_Handler
                0x08000290                ERU1_2_IRQHandler
                0x08000290                VADC0_G1_2_IRQHandler
                0x08000290                CAN0_2_IRQHandler
                0x08000290                VADC0_G0_2_IRQHandler
                0x08000290                CAN0_3_IRQHandler
                0x08000290                USIC0_3_IRQHandler
                0x08000290                HRPWM_2_IRQHandler
                0x08000290                VADC0_C0_2_IRQHandler
                0x08000290                FCE0_0_IRQHandler
                0x08000290                VADC0_G1_0_IRQHandler
                0x08000290                USB0_0_IRQHandler
                0x08000290                CAN0_5_IRQHandler
                0x08000290                CCU80_0_IRQHandler
                0x08000290                CCU40_1_IRQHandler
                0x08000290                USIC0_1_IRQHandler
                0x08000290                CCU40_3_IRQHandler
                0x08000290                BusFault_Handler
                0x08000290                LEDTS0_0_IRQHandler
                0x08000290                USIC0_4_IRQHandler
                0x08000290                ERU0_1_IRQHandler
                0x08000290                USIC1_2_IRQHandler
                0x08000290                USIC0_2_IRQHandler
                0x08000290                DAC0_1_IRQHandler
 *(.text .text.* .gnu.linkonce.t.*)
 .text.SystemInit
                0x08000294       0x34 ./Startup/system_XMC4200.o
                0x08000294                SystemInit
 .text.SystemCoreClockUpdate
                0x080002c8       0xd4 ./Startup/system_XMC4200.o
                0x080002c8                SystemCoreClockUpdate
 .text.XMC_GPIO_Init
                0x0800039c      0x140 ./Libraries/XMCLib/src/xmc4_gpio.o
                0x0800039c                XMC_GPIO_Init
 .text.XMC_SCU_CLOCK_GetCpuClockFrequency
                0x080004dc       0x18 ./Libraries/XMCLib/src/xmc4_scu.o
 .text.XMC_SCU_GetMirrorStatus
                0x080004f4       0x18 ./Libraries/XMCLib/src/xmc4_scu.o
 .text.XMC_SCU_lDelay
                0x0800050c       0x44 ./Libraries/XMCLib/src/xmc4_scu.o
 .text.XMC_SCU_INTERUPT_GetEventStatus
                0x08000550       0x18 ./Libraries/XMCLib/src/xmc4_scu.o
                0x08000550                XMC_SCU_INTERUPT_GetEventStatus
 .text.XMC_SCU_INTERRUPT_ClearEventStatus
                0x08000568       0x1c ./Libraries/XMCLib/src/xmc4_scu.o
                0x08000568                XMC_SCU_INTERRUPT_ClearEventStatus
 .text.XMC_SCU_CLOCK_Init
                0x08000584       0xec ./Libraries/XMCLib/src/xmc4_scu.o
                0x08000584                XMC_SCU_CLOCK_Init
 .text.XMC_SCU_RESET_DeassertPeripheralReset
                0x08000670       0x38 ./Libraries/XMCLib/src/xmc4_scu.o
                0x08000670                XMC_SCU_RESET_DeassertPeripheralReset
 .text.XMC_SCU_CLOCK_GetPeripheralClockFrequency
                0x080006a8       0x20 ./Libraries/XMCLib/src/xmc4_scu.o
                0x080006a8                XMC_SCU_CLOCK_GetPeripheralClockFrequency
 .text.XMC_SCU_CLOCK_SetSystemClockSource
                0x080006c8       0x28 ./Libraries/XMCLib/src/xmc4_scu.o
                0x080006c8                XMC_SCU_CLOCK_SetSystemClockSource
 .text.XMC_SCU_CLOCK_SetUsbClockSource
                0x080006f0       0x28 ./Libraries/XMCLib/src/xmc4_scu.o
                0x080006f0                XMC_SCU_CLOCK_SetUsbClockSource
 .text.XMC_SCU_CLOCK_SetWdtClockSource
                0x08000718       0x28 ./Libraries/XMCLib/src/xmc4_scu.o
                0x08000718                XMC_SCU_CLOCK_SetWdtClockSource
 .text.XMC_SCU_CLOCK_SetSystemPllClockSource
                0x08000740       0x40 ./Libraries/XMCLib/src/xmc4_scu.o
                0x08000740                XMC_SCU_CLOCK_SetSystemPllClockSource
 .text.XMC_SCU_HIB_SetRtcClockSource
                0x08000780       0x3c ./Libraries/XMCLib/src/xmc4_scu.o
                0x08000780                XMC_SCU_HIB_SetRtcClockSource
 .text.XMC_SCU_HIB_SetStandbyClockSource
                0x080007bc       0x3c ./Libraries/XMCLib/src/xmc4_scu.o
                0x080007bc                XMC_SCU_HIB_SetStandbyClockSource
 .text.XMC_SCU_CLOCK_SetSystemClockDivider
                0x080007f8       0x28 ./Libraries/XMCLib/src/xmc4_scu.o
                0x080007f8                XMC_SCU_CLOCK_SetSystemClockDivider
 .text.XMC_SCU_CLOCK_SetCcuClockDivider
                0x08000820       0x28 ./Libraries/XMCLib/src/xmc4_scu.o
                0x08000820                XMC_SCU_CLOCK_SetCcuClockDivider
 .text.XMC_SCU_CLOCK_SetCpuClockDivider
                0x08000848       0x28 ./Libraries/XMCLib/src/xmc4_scu.o
                0x08000848                XMC_SCU_CLOCK_SetCpuClockDivider
 .text.XMC_SCU_CLOCK_SetPeripheralClockDivider
                0x08000870       0x28 ./Libraries/XMCLib/src/xmc4_scu.o
                0x08000870                XMC_SCU_CLOCK_SetPeripheralClockDivider
 .text.XMC_SCU_CLOCK_SetUsbClockDivider
                0x08000898       0x28 ./Libraries/XMCLib/src/xmc4_scu.o
                0x08000898                XMC_SCU_CLOCK_SetUsbClockDivider
 .text.XMC_SCU_CLOCK_SetWdtClockDivider
                0x080008c0       0x28 ./Libraries/XMCLib/src/xmc4_scu.o
                0x080008c0                XMC_SCU_CLOCK_SetWdtClockDivider
 .text.XMC_SCU_CLOCK_EnableClock
                0x080008e8       0x20 ./Libraries/XMCLib/src/xmc4_scu.o
                0x080008e8                XMC_SCU_CLOCK_EnableClock
 .text.XMC_SCU_CLOCK_UngatePeripheralClock
                0x08000908       0x38 ./Libraries/XMCLib/src/xmc4_scu.o
                0x08000908                XMC_SCU_CLOCK_UngatePeripheralClock
 .text.XMC_SCU_CLOCK_StartUsbPll
                0x08000940       0x74 ./Libraries/XMCLib/src/xmc4_scu.o
                0x08000940                XMC_SCU_CLOCK_StartUsbPll
 .text.XMC_SCU_CLOCK_SetBackupClockCalibrationMode
                0x080009b4       0x4c ./Libraries/XMCLib/src/xmc4_scu.o
                0x080009b4                XMC_SCU_CLOCK_SetBackupClockCalibrationMode
 .text.XMC_SCU_HIB_EnableHibernateDomain
                0x08000a00       0x58 ./Libraries/XMCLib/src/xmc4_scu.o
                0x08000a00                XMC_SCU_HIB_EnableHibernateDomain
 .text.XMC_SCU_CLOCK_IsLowPowerOscillatorStable
                0x08000a58       0x24 ./Libraries/XMCLib/src/xmc4_scu.o
                0x08000a58                XMC_SCU_CLOCK_IsLowPowerOscillatorStable
 .text.XMC_SCU_CLOCK_EnableLowPowerOscillator
                0x08000a7c       0x70 ./Libraries/XMCLib/src/xmc4_scu.o
                0x08000a7c                XMC_SCU_CLOCK_EnableLowPowerOscillator
 .text.XMC_SCU_CLOCK_EnableHighPerformanceOscillator
                0x08000aec       0x50 ./Libraries/XMCLib/src/xmc4_scu.o
                0x08000aec                XMC_SCU_CLOCK_EnableHighPerformanceOscillator
 .text.XMC_SCU_CLOCK_IsHighPerformanceOscillatorStable
                0x08000b3c       0x28 ./Libraries/XMCLib/src/xmc4_scu.o
                0x08000b3c                XMC_SCU_CLOCK_IsHighPerformanceOscillatorStable
 .text.XMC_SCU_CLOCK_EnableSystemPll
                0x08000b64       0x20 ./Libraries/XMCLib/src/xmc4_scu.o
                0x08000b64                XMC_SCU_CLOCK_EnableSystemPll
 .text.XMC_SCU_CLOCK_DisableSystemPll
                0x08000b84       0x20 ./Libraries/XMCLib/src/xmc4_scu.o
                0x08000b84                XMC_SCU_CLOCK_DisableSystemPll
 .text.XMC_SCU_CLOCK_StartSystemPll
                0x08000ba4      0x174 ./Libraries/XMCLib/src/xmc4_scu.o
                0x08000ba4                XMC_SCU_CLOCK_StartSystemPll
 .text.XMC_SCU_CLOCK_StepSystemPllFrequency
                0x08000d18       0x2c ./Libraries/XMCLib/src/xmc4_scu.o
                0x08000d18                XMC_SCU_CLOCK_StepSystemPllFrequency
 .text.XMC_CAN_IsPanelControlReady
                0x08000d44       0x28 ./Libraries/XMCLib/src/xmc_can.o
 .text.XMC_CAN_PanelControl
                0x08000d6c       0x3c ./Libraries/XMCLib/src/xmc_can.o
 .text.XMC_CAN_NODE_EnableConfigurationChange
                0x08000da8       0x20 ./Libraries/XMCLib/src/xmc_can.o
 .text.XMC_CAN_NODE_DisableConfigurationChange
                0x08000dc8       0x20 ./Libraries/XMCLib/src/xmc_can.o
 .text.max      0x08000de8       0x20 ./Libraries/XMCLib/src/xmc_can.o
 .text.min      0x08000e08       0x20 ./Libraries/XMCLib/src/xmc_can.o
 .text.XMC_CAN_NODE_NominalBitTimeConfigureEx
                0x08000e28      0x14c ./Libraries/XMCLib/src/xmc_can.o
                0x08000e28                XMC_CAN_NODE_NominalBitTimeConfigureEx
 .text.XMC_CAN_AllocateMOtoNodeList
                0x08000f74       0x3c ./Libraries/XMCLib/src/xmc_can.o
                0x08000f74                XMC_CAN_AllocateMOtoNodeList
 .text.XMC_CAN_Enable
                0x08000fb0       0x38 ./Libraries/XMCLib/src/xmc_can.o
                0x08000fb0                XMC_CAN_Enable
 .text.XMC_CAN_SetBaudrateClockSource
                0x08000fe8       0x18 ./Libraries/XMCLib/src/xmc_can.o
                0x08000fe8                XMC_CAN_SetBaudrateClockSource
 .text.XMC_CAN_GetBaudrateClockFrequency
                0x08001000       0x18 ./Libraries/XMCLib/src/xmc_can.o
                0x08001000                XMC_CAN_GetBaudrateClockFrequency
 .text.XMC_CAN_InitEx
                0x08001018       0x80 ./Libraries/XMCLib/src/xmc_can.o
                0x08001018                XMC_CAN_InitEx
 .text.XMC_CAN_MO_Config
                0x08001098      0x138 ./Libraries/XMCLib/src/xmc_can.o
                0x08001098                XMC_CAN_MO_Config
 .text.XMC_CAN_MO_UpdateData
                0x080011d0       0x70 ./Libraries/XMCLib/src/xmc_can.o
                0x080011d0                XMC_CAN_MO_UpdateData
 .text.XMC_CAN_MO_Transmit
                0x08001240       0x5c ./Libraries/XMCLib/src/xmc_can.o
                0x08001240                XMC_CAN_MO_Transmit
 .text.XMC_CAN_MO_Receive
                0x0800129c      0x1a0 ./Libraries/XMCLib/src/xmc_can.o
                0x0800129c                XMC_CAN_MO_Receive
 .text.XMC_CAN_NODE_EnableEvent
                0x0800143c       0x38 ./Libraries/XMCLib/src/xmc_can.o
                0x0800143c                XMC_CAN_NODE_EnableEvent
 .text.XMC_CCU4_StartPrescaler
                0x08001474       0x1c ./Libraries/XMCLib/src/xmc_ccu4.o
 .text.XMC_CCU4_lDeassertReset
                0x08001490       0x34 ./Libraries/XMCLib/src/xmc_ccu4.o
 .text.XMC_CCU4_lUngateClock
                0x080014c4       0x34 ./Libraries/XMCLib/src/xmc_ccu4.o
 .text.XMC_CCU4_EnableModule
                0x080014f8       0x20 ./Libraries/XMCLib/src/xmc_ccu4.o
                0x080014f8                XMC_CCU4_EnableModule
 .text.XMC_CCU4_Init
                0x08001518       0x3c ./Libraries/XMCLib/src/xmc_ccu4.o
                0x08001518                XMC_CCU4_Init
 .text.XMC_CCU4_SLICE_CompareInit
                0x08001554       0x6c ./Libraries/XMCLib/src/xmc_ccu4.o
                0x08001554                XMC_CCU4_SLICE_CompareInit
 .text.XMC_CCU4_SLICE_SetInterruptNode
                0x080015c0       0xb0 ./Libraries/XMCLib/src/xmc_ccu4.o
                0x080015c0                XMC_CCU4_SLICE_SetInterruptNode
 .text.XMC_GPIO_SetHardwareControl
                0x08001670       0x44 ./Libraries/XMCLib/src/xmc_gpio.o
                0x08001670                XMC_GPIO_SetHardwareControl
 .text._init    0x080016b4        0xc ./Libraries/Newlib/syscalls.o
                0x080016b4                _init
 .text.XMC_CCU4_EnableClock
                0x080016c0       0x20 ./Dave/Generated/TIMER/timer.o
 .text.XMC_CCU4_SLICE_IsTimerRunning
                0x080016e0       0x28 ./Dave/Generated/TIMER/timer.o
 .text.XMC_CCU4_SLICE_StartTimer
                0x08001708       0x18 ./Dave/Generated/TIMER/timer.o
 .text.XMC_CCU4_SLICE_StopTimer
                0x08001720       0x18 ./Dave/Generated/TIMER/timer.o
 .text.XMC_CCU4_SLICE_ClearTimer
                0x08001738       0x18 ./Dave/Generated/TIMER/timer.o
 .text.XMC_CCU4_SLICE_SetTimerPeriodMatch
                0x08001750       0x1c ./Dave/Generated/TIMER/timer.o
 .text.XMC_CCU4_SLICE_SetTimerCompareMatch
                0x0800176c       0x1c ./Dave/Generated/TIMER/timer.o
 .text.XMC_CCU4_EnableShadowTransfer
                0x08001788       0x1c ./Dave/Generated/TIMER/timer.o
 .text.XMC_CCU4_SLICE_EnableEvent
                0x080017a4       0x2c ./Dave/Generated/TIMER/timer.o
 .text.TIMER_Init
                0x080017d0       0x3c ./Dave/Generated/TIMER/timer.o
                0x080017d0                TIMER_Init
 .text.TIMER_Start
                0x0800180c       0x3c ./Dave/Generated/TIMER/timer.o
                0x0800180c                TIMER_Start
 .text.TIMER_Stop
                0x08001848       0x48 ./Dave/Generated/TIMER/timer.o
                0x08001848                TIMER_Stop
 .text.TIMER_GetTimerStatus
                0x08001890       0x30 ./Dave/Generated/TIMER/timer.o
                0x08001890                TIMER_GetTimerStatus
 .text.TIMER_CCU4_lInit
                0x080018c0       0x98 ./Dave/Generated/TIMER/timer.o
                0x080018c0                TIMER_CCU4_lInit
 .text.TIMER_CCU4_lShadowTransfer
                0x08001958       0x3c ./Dave/Generated/TIMER/timer.o
                0x08001958                TIMER_CCU4_lShadowTransfer
 .text.XMC_CCU4_EnableClock
                0x08001994       0x20 ./Dave/Generated/PWM/pwm.o
 .text.XMC_CCU4_DisableClock
                0x080019b4       0x20 ./Dave/Generated/PWM/pwm.o
 .text.XMC_CCU4_SLICE_StartTimer
                0x080019d4       0x18 ./Dave/Generated/PWM/pwm.o
 .text.XMC_CCU4_SLICE_StopTimer
                0x080019ec       0x18 ./Dave/Generated/PWM/pwm.o
 .text.XMC_CCU4_SLICE_ClearTimer
                0x08001a04       0x18 ./Dave/Generated/PWM/pwm.o
 .text.XMC_CCU4_SLICE_SetTimerPeriodMatch
                0x08001a1c       0x1c ./Dave/Generated/PWM/pwm.o
 .text.XMC_CCU4_SLICE_SetTimerCompareMatch
                0x08001a38       0x1c ./Dave/Generated/PWM/pwm.o
 .text.XMC_CCU4_EnableShadowTransfer
                0x08001a54       0x1c ./Dave/Generated/PWM/pwm.o
 .text.XMC_CCU4_SLICE_EnableEvent
                0x08001a70       0x2c ./Dave/Generated/PWM/pwm.o
 .text.PWM_lCCU4_Init
                0x08001a9c       0xbc ./Dave/Generated/PWM/pwm.o
                0x08001a9c                PWM_lCCU4_Init
 .text.PWM_lCCU4_ConfigInterrupts
                0x08001b58       0x64 ./Dave/Generated/PWM/pwm.o
                0x08001b58                PWM_lCCU4_ConfigInterrupts
 .text.PWM_lCCU4_Start
                0x08001bbc       0x48 ./Dave/Generated/PWM/pwm.o
                0x08001bbc                PWM_lCCU4_Start
 .text.PWM_lCCU4_Stop
                0x08001c04       0x48 ./Dave/Generated/PWM/pwm.o
                0x08001c04                PWM_lCCU4_Stop
 .text.PWM_Init
                0x08001c4c       0x2c ./Dave/Generated/PWM/pwm.o
                0x08001c4c                PWM_Init
 .text.PWM_Start
                0x08001c78       0x20 ./Dave/Generated/PWM/pwm.o
                0x08001c78                PWM_Start
 .text.PWM_Stop
                0x08001c98       0x20 ./Dave/Generated/PWM/pwm.o
                0x08001c98                PWM_Stop
 .text.__NVIC_GetPriorityGrouping
                0x08001cb8       0x1c ./Dave/Generated/INTERRUPT/interrupt.o
 .text.__NVIC_EnableIRQ
                0x08001cd4       0x38 ./Dave/Generated/INTERRUPT/interrupt.o
 .text.__NVIC_SetPriority
                0x08001d0c       0x54 ./Dave/Generated/INTERRUPT/interrupt.o
 .text.NVIC_EncodePriority
                0x08001d60       0x64 ./Dave/Generated/INTERRUPT/interrupt.o
 .text.INTERRUPT_Enable
                0x08001dc4       0x1c ./Dave/Generated/INTERRUPT/interrupt.o
 .text.INTERRUPT_Init
                0x08001de0       0x4c ./Dave/Generated/INTERRUPT/interrupt.o
                0x08001de0                INTERRUPT_Init
 .text.XMC_CCU4_StartPrescaler
                0x08001e2c       0x1c ./Dave/Generated/GLOBAL_CCU4/global_ccu4.o
 .text.GLOBAL_CCU4_Init
                0x08001e48       0x40 ./Dave/Generated/GLOBAL_CCU4/global_ccu4.o
                0x08001e48                GLOBAL_CCU4_Init
 .text.GLOBAL_CAN_Init
                0x08001e88       0x40 ./Dave/Generated/GLOBAL_CAN/global_can.o
                0x08001e88                GLOBAL_CAN_Init
 .text.DIGITAL_IO_Init
                0x08001ec8       0x40 ./Dave/Generated/DIGITAL_IO/digital_io.o
                0x08001ec8                DIGITAL_IO_Init
 .text.__NVIC_SetPriorityGrouping
                0x08001f08       0x48 ./Dave/Generated/CPU_CTRL_XMC4/cpu_ctrl_xmc4_conf.o
 .text.SystemCoreSetup
                0x08001f50       0xa0 ./Dave/Generated/CPU_CTRL_XMC4/cpu_ctrl_xmc4_conf.o
                0x08001f50                SystemCoreSetup
 .text.CLOCK_XMC4_Init
                0x08001ff0       0x20 ./Dave/Generated/CLOCK_XMC4/clock_xmc4.o
                0x08001ff0                CLOCK_XMC4_Init
 .text.OSCHP_GetFrequency
                0x08002010       0x14 ./Dave/Generated/CLOCK_XMC4/clock_xmc4.o
                0x08002010                OSCHP_GetFrequency
 .text.SystemCoreClockSetup
                0x08002024       0x4c ./Dave/Generated/CLOCK_XMC4/clock_xmc4_conf.o
                0x08002024                SystemCoreClockSetup
 .text.XMC_CAN_NODE_SetEventNodePointer
                0x08002070       0x38 ./Dave/Generated/CAN_NODE/can_node.o
 .text.XMC_CAN_NODE_SetReceiveInput
                0x080020a8       0x2c ./Dave/Generated/CAN_NODE/can_node.o
 .text.XMC_CAN_NODE_EnableLoopBack
                0x080020d4       0x20 ./Dave/Generated/CAN_NODE/can_node.o
 .text.XMC_CAN_NODE_GetStatus
                0x080020f4       0x18 ./Dave/Generated/CAN_NODE/can_node.o
 .text.XMC_CAN_NODE_EnableConfigurationChange
                0x0800210c       0x20 ./Dave/Generated/CAN_NODE/can_node.o
 .text.XMC_CAN_NODE_DisableConfigurationChange
                0x0800212c       0x20 ./Dave/Generated/CAN_NODE/can_node.o
 .text.XMC_CAN_NODE_SetInitBit
                0x0800214c       0x20 ./Dave/Generated/CAN_NODE/can_node.o
 .text.XMC_CAN_NODE_ResetInitBit
                0x0800216c       0x20 ./Dave/Generated/CAN_NODE/can_node.o
 .text.XMC_CAN_NODE_ReSetAnalyzerMode
                0x0800218c       0x20 ./Dave/Generated/CAN_NODE/can_node.o
 .text.XMC_CAN_MO_SetEventNodePointer
                0x080021ac       0x3c ./Dave/Generated/CAN_NODE/can_node.o
 .text.XMC_CAN_MO_GetStatus
                0x080021e8       0x1c ./Dave/Generated/CAN_NODE/can_node.o
 .text.XMC_CAN_MO_EnableEvent
                0x08002204       0x24 ./Dave/Generated/CAN_NODE/can_node.o
 .text.CAN_NODE_MO_EnableTxEvent
                0x08002228       0x1c ./Dave/Generated/CAN_NODE/can_node.o
 .text.CAN_NODE_MO_EnableRxEvent
                0x08002244       0x1c ./Dave/Generated/CAN_NODE/can_node.o
 .text.CAN_NODE_SetNodeEvents
                0x08002260       0x74 ./Dave/Generated/CAN_NODE/can_node.o
 .text.CAN_NODE_SetNodePointer
                0x080022d4       0x68 ./Dave/Generated/CAN_NODE/can_node.o
 .text.CAN_NODE_MO_Init
                0x0800233c       0x58 ./Dave/Generated/CAN_NODE/can_node.o
                0x0800233c                CAN_NODE_MO_Init
 .text.CAN_NODE_MO_Transmit
                0x08002394       0x24 ./Dave/Generated/CAN_NODE/can_node.o
                0x08002394                CAN_NODE_MO_Transmit
 .text.CAN_NODE_MO_Receive
                0x080023b8       0x24 ./Dave/Generated/CAN_NODE/can_node.o
                0x080023b8                CAN_NODE_MO_Receive
 .text.CAN_NODE_MO_GetStatus
                0x080023dc       0x20 ./Dave/Generated/CAN_NODE/can_node.o
                0x080023dc                CAN_NODE_MO_GetStatus
 .text.CAN_NODE_GetStatus
                0x080023fc       0x20 ./Dave/Generated/CAN_NODE/can_node.o
                0x080023fc                CAN_NODE_GetStatus
 .text.CAN_NODE_Init
                0x0800241c      0x148 ./Dave/Generated/CAN_NODE/can_node.o
                0x0800241c                CAN_NODE_Init
 .text.DAVE_Init
                0x08002564      0x114 ./Dave/Generated/DAVE.o
                0x08002564                DAVE_Init
 .text.XMC_GPIO_SetOutputHigh
                0x08002678       0x20 ./main.o
 .text.XMC_GPIO_SetOutputLow
                0x08002698       0x24 ./main.o
 .text.XMC_GPIO_ToggleOutput
                0x080026bc       0x24 ./main.o
 .text.XMC_GPIO_GetInput
                0x080026e0       0x28 ./main.o
 .text.DIGITAL_IO_SetOutputHigh
                0x08002708       0x20 ./main.o
 .text.DIGITAL_IO_SetOutputLow
                0x08002728       0x20 ./main.o
 .text.DIGITAL_IO_ToggleOutput
                0x08002748       0x20 ./main.o
 .text.DIGITAL_IO_GetInput
                0x08002768       0x24 ./main.o
 .text.CAN0_1_IRQHandler
                0x0800278c      0x184 ./main.o
                0x0800278c                CAN0_1_IRQHandler
 .text.CCU41_1_IRQHandler
                0x08002910       0x1c ./main.o
                0x08002910                CCU41_1_IRQHandler
 .text.main     0x0800292c       0x18 ./main.o
                0x0800292c                main
 .text.RegisterDevice
                0x08002944       0x40 ./main.o
                0x08002944                RegisterDevice
 *fill*         0x08002984        0x4 
 .text.HomeWindow
                0x08002988      0x288 ./main.o
                0x08002988                HomeWindow
 .text.MoveWindow
                0x08002c10      0x124 ./main.o
                0x08002c10                MoveWindow
 .text.CheckTopLimitSwitch
                0x08002d34       0x3c ./main.o
                0x08002d34                CheckTopLimitSwitch
 .text.CheckBottomLimitSwitch
                0x08002d70       0x3c ./main.o
                0x08002d70                CheckBottomLimitSwitch
 .text.ManualOverrideSwitches
                0x08002dac      0x1d8 ./main.o
                0x08002dac                ManualOverrideSwitches
 .text          0x08002f84      0x370 c:/users/frank/desktop/dave-ide-4.4.2-64bit/dave-ide-4.4.2-64bit/eclipse/arm-gcc-49/bin/../lib/gcc/arm-none-eabi/4.9.3/armv7e-m/softfp\libgcc.a(_arm_addsubdf3.o)
                0x08002f84                __aeabi_drsub
                0x08002f8c                __aeabi_dsub
                0x08002f8c                __subdf3
                0x08002f90                __aeabi_dadd
                0x08002f90                __adddf3
                0x08003208                __floatunsidf
                0x08003208                __aeabi_ui2d
                0x08003228                __floatsidf
                0x08003228                __aeabi_i2d
                0x0800324c                __aeabi_f2d
                0x0800324c                __extendsfdf2
                0x08003288                __floatundidf
                0x08003288                __aeabi_ul2d
                0x08003298                __floatdidf
                0x08003298                __aeabi_l2d
 .text          0x080032f4      0x424 c:/users/frank/desktop/dave-ide-4.4.2-64bit/dave-ide-4.4.2-64bit/eclipse/arm-gcc-49/bin/../lib/gcc/arm-none-eabi/4.9.3/armv7e-m/softfp\libgcc.a(_arm_muldivdf3.o)
                0x080032f4                __aeabi_dmul
                0x080032f4                __muldf3
                0x08003548                __divdf3
                0x08003548                __aeabi_ddiv
 .text          0x08003718       0x50 c:/users/frank/desktop/dave-ide-4.4.2-64bit/dave-ide-4.4.2-64bit/eclipse/arm-gcc-49/bin/../lib/gcc/arm-none-eabi/4.9.3/armv7e-m/softfp\libgcc.a(_arm_fixdfsi.o)
                0x08003718                __aeabi_d2iz
                0x08003718                __fixdfsi
 .text.__libc_init_array
                0x08003768       0x4c c:/users/frank/desktop/dave-ide-4.4.2-64bit/dave-ide-4.4.2-64bit/eclipse/arm-gcc-49/bin/../lib/gcc/arm-none-eabi/4.9.3/../../../../arm-none-eabi/lib/armv7e-m/softfp\libg_nano.a(lib_a-init.o)
                0x08003768                __libc_init_array
 *(.init)
 *(.fini)
 *crtbegin.o(.ctors)
 *crtbegin?.o(.ctors)
 *(EXCLUDE_FILE(*crtend.o *crtend?.o) .ctors)
 *(SORT(.ctors.*))
 *(.ctors)
 *crtbegin.o(.dtors)
 *crtbegin?.o(.dtors)
 *(EXCLUDE_FILE(*crtend.o *crtend?.o) .dtors)
 *(SORT(.dtors.*))
 *(.dtors)
 *(.rodata .rodata.*)
 .rodata.PWM_Motor_compare_config
                0x080037b4        0x8 ./Dave/Generated/PWM/pwm_conf.o
                0x080037b4                PWM_Motor_compare_config
 .rodata.PWM_Motor_gpio_out_config
                0x080037bc        0xc ./Dave/Generated/PWM/pwm_conf.o
                0x080037bc                PWM_Motor_gpio_out_config
 .rodata.Receive_CAN_Handler
                0x080037c8        0x4 ./Dave/Generated/INTERRUPT/interrupt_conf.o
                0x080037c8                Receive_CAN_Handler
 .rodata.Timer_Interrupt
                0x080037cc        0x4 ./Dave/Generated/INTERRUPT/interrupt_conf.o
                0x080037cc                Timer_Interrupt
 .rodata.LED_Indicator
                0x080037d0       0x14 ./Dave/Generated/DIGITAL_IO/digital_io_conf.o
                0x080037d0                LED_Indicator
 .rodata.BoardButton
                0x080037e4       0x14 ./Dave/Generated/DIGITAL_IO/digital_io_conf.o
                0x080037e4                BoardButton
 .rodata.LIMIT_SWITCH_BOTTOM
                0x080037f8       0x14 ./Dave/Generated/DIGITAL_IO/digital_io_conf.o
                0x080037f8                LIMIT_SWITCH_BOTTOM
 .rodata.LIMIT_SWITCH_TOP
                0x0800380c       0x14 ./Dave/Generated/DIGITAL_IO/digital_io_conf.o
                0x0800380c                LIMIT_SWITCH_TOP
 .rodata.MOS_DOWN
                0x08003820       0x14 ./Dave/Generated/DIGITAL_IO/digital_io_conf.o
                0x08003820                MOS_DOWN
 .rodata.MOS_UP
                0x08003834       0x14 ./Dave/Generated/DIGITAL_IO/digital_io_conf.o
                0x08003834                MOS_UP
 .rodata.Motor_Direction
                0x08003848       0x14 ./Dave/Generated/DIGITAL_IO/digital_io_conf.o
                0x08003848                Motor_Direction
 .rodata        0x0800385c       0x14 ./Dave/Generated/CLOCK_XMC4/clock_xmc4_conf.o
 .rodata.React_Node_gpio_out
                0x08003870        0x8 ./Dave/Generated/CAN_NODE/can_node_conf.o
                0x08003870                React_Node_gpio_out
 .rodata.React_Node_gpio_out_config
                0x08003878        0xc ./Dave/Generated/CAN_NODE/can_node_conf.o
                0x08003878                React_Node_gpio_out_config
 .rodata.React_Node_gpio_in
                0x08003884        0x8 ./Dave/Generated/CAN_NODE/can_node_conf.o
                0x08003884                React_Node_gpio_in
 .rodata.React_Node_gpio_in_config
                0x0800388c        0xc ./Dave/Generated/CAN_NODE/can_node_conf.o
                0x0800388c                React_Node_gpio_in_config
 .rodata.React_Node_sr
                0x08003898        0x4 ./Dave/Generated/CAN_NODE/can_node_conf.o
                0x08003898                React_Node_sr
 .rodata.React_Node_LMO_01_Config
                0x0800389c        0xc ./Dave/Generated/CAN_NODE/can_node_conf.o
                0x0800389c                React_Node_LMO_01_Config
 .rodata.React_Node_LMO_02_Config
                0x080038a8        0xc ./Dave/Generated/CAN_NODE/can_node_conf.o
                0x080038a8                React_Node_LMO_02_Config
 .rodata.React_Node
                0x080038b4       0xa8 ./Dave/Generated/CAN_NODE/can_node_conf.o
                0x080038b4                React_Node
 *(.gnu.linkonce.r*)
 *(vtable)
                0x0800395c                . = ALIGN (0x4)

.glue_7         0x0800395c        0x0 load address 0x0c00395c
 .glue_7        0x00000000        0x0 linker stubs

.glue_7t        0x0800395c        0x0 load address 0x0c00395c
 .glue_7t       0x00000000        0x0 linker stubs

.vfp11_veneer   0x0800395c        0x0 load address 0x0c00395c
 .vfp11_veneer  0x00000000        0x0 linker stubs

.v4_bx          0x0800395c        0x0 load address 0x0c00395c
 .v4_bx         0x00000000        0x0 linker stubs

.iplt           0x0800395c        0x0 load address 0x0c00395c
 .iplt          0x00000000        0x0 ./Startup/startup_XMC4200.o

.rel.dyn        0x0800395c        0x0 load address 0x0c00395c
 .rel.iplt      0x00000000        0x0 ./Startup/startup_XMC4200.o

.eh_frame_hdr
 *(.eh_frame_hdr)

.eh_frame
 *(.eh_frame)

.ARM.extab
 *(.ARM.extab* .gnu.linkonce.armextab.*)
                0x0800395c                . = ALIGN (0x4)
                0x0800395c                __exidx_start = .

.ARM.exidx
 *(.ARM.exidx* .gnu.linkonce.armexidx.*)
                0x0800395c                __exidx_end = .
                0x0800395c                . = ALIGN (0x4)

Stack           0x1fffc000      0x800
                0x1fffc000                __stack_start = .
                0x1fffc800                . = (. + stack_size)
 *fill*         0x1fffc000      0x800 
                0x1fffc800                __stack_end = .
                0x1fffc800                __initial_sp = .

.ram_code       0x1fffc800        0x0 load address 0x0c00395c
                0x1fffc800                . = ALIGN (0x4)
                0x1fffc800                __ram_code_start = .
 *(.ram_code)
                0x1fffc800                . = ALIGN (0x4)
                0x1fffc800                __ram_code_end = .
                0x0c00395c                __ram_code_load = LOADADDR (.ram_code)
                0x00000000                __ram_code_size = (__ram_code_end - __ram_code_start)

.data           0x1fffc800       0xdc load address 0x0c00395c
                0x1fffc800                . = ALIGN (0x4)
                0x1fffc800                __data_start = .
 *(.data)
 *(.data*)
 .data.TIMER_Motor_config
                0x1fffc800        0x8 ./Dave/Generated/TIMER/timer_conf.o
                0x1fffc800                TIMER_Motor_config
 .data.TIMER_Motor
                0x1fffc808       0x28 ./Dave/Generated/TIMER/timer_conf.o
                0x1fffc808                TIMER_Motor
 .data.PWM_Motor
                0x1fffc830       0x34 ./Dave/Generated/PWM/pwm_conf.o
                0x1fffc830                PWM_Motor
 .data.GLOBAL_CCU4_0
                0x1fffc864       0x10 ./Dave/Generated/GLOBAL_CCU4/global_ccu4_conf.o
                0x1fffc864                GLOBAL_CCU4_0
 .data.GLOBAL_CAN_0
                0x1fffc874        0xc ./Dave/Generated/GLOBAL_CAN/global_can_conf.o
                0x1fffc874                GLOBAL_CAN_0
 .data.React_Node_BitTimeConfig
                0x1fffc880        0xc ./Dave/Generated/CAN_NODE/can_node_conf.o
                0x1fffc880                React_Node_BitTimeConfig
 *fill*         0x1fffc88c        0x4 
 .data.React_Node_LMO_01
                0x1fffc890       0x20 ./Dave/Generated/CAN_NODE/can_node_conf.o
                0x1fffc890                React_Node_LMO_01
 .data.React_Node_LMO_02
                0x1fffc8b0       0x20 ./Dave/Generated/CAN_NODE/can_node_conf.o
                0x1fffc8b0                React_Node_LMO_02
 .data.top_button_state
                0x1fffc8d0        0x4 ./main.o
                0x1fffc8d0                top_button_state
 .data.bottom_button_state
                0x1fffc8d4        0x4 ./main.o
                0x1fffc8d4                bottom_button_state
 .data.MOTOR_MODULE_ID
                0x1fffc8d8        0x4 ./main.o
                0x1fffc8d8                MOTOR_MODULE_ID
 *(*.data)
 *(.gnu.linkonce.d*)
                0x1fffc8dc                . = ALIGN (0x4)
                0x1fffc8dc                PROVIDE (__preinit_array_start, .)
 *(.preinit_array)
                0x1fffc8dc                PROVIDE (__preinit_array_end, .)
                0x1fffc8dc                . = ALIGN (0x4)
                0x1fffc8dc                PROVIDE (__init_array_start, .)
 *(SORT(.init_array.*))
 *(.init_array)
                0x1fffc8dc                PROVIDE (__init_array_end, .)
                0x1fffc8dc                . = ALIGN (0x4)
                0x1fffc8dc                PROVIDE (__fini_array_start, .)
 *(SORT(.fini_array.*))
 *(.fini_array)
                0x1fffc8dc                PROVIDE (__fini_array_end, .)
                0x1fffc8dc                . = ALIGN (0x4)
                0x1fffc8dc                __data_end = .
                0x0c00395c                __data_load = LOADADDR (.data)
                0x000000dc                __data_size = (__data_end - __data_start)
                0x00003a38                __text_size = (((__exidx_end - sText) + __data_size) + __ram_code_size)
                0x08003a38                eText = (sText + __text_size)

.igot.plt       0x1fffc8dc        0x0 load address 0x0c003a38
 .igot.plt      0x00000000        0x0 ./Startup/startup_XMC4200.o

.bss            0x1fffc8dc       0x40 load address 0x0c003a38
                0x1fffc8dc                . = ALIGN (0x4)
                0x1fffc8dc                __bss_start = .
 *(.bss)
 *(.bss*)
 .bss.CLOCK_XMC4_0
                0x1fffc8dc        0x4 ./Dave/Generated/CLOCK_XMC4/clock_xmc4_conf.o
                0x1fffc8dc                CLOCK_XMC4_0
 .bss.isRegistered
                0x1fffc8e0        0x4 ./main.o
                0x1fffc8e0                isRegistered
 .bss.closedToOpenTime
                0x1fffc8e4        0x4 ./main.o
                0x1fffc8e4                closedToOpenTime
 .bss.time      0x1fffc8e8        0x4 ./main.o
                0x1fffc8e8                time
 *(COMMON)
 COMMON         0x1fffc8ec       0x30 ./main.o
                0x1fffc8ec                WindowState
                0x1fffc8f0                stateTimingVariables
 *(.gnu.linkonce.b*)
                0x1fffc91c                . = ALIGN (0x4)
                0x1fffc91c                __bss_end = .
                0x00000040                __bss_size = (__bss_end - __bss_start)
                0x000036e4                __shift_loc = (__bss_end >= ORIGIN (DSRAM_1_system))?0x0:(ORIGIN (DSRAM_1_system) - __bss_end)

USB_RAM         0x20000000        0x0
                0x20000000                . = ALIGN (0x4)
                0x20000000                USB_RAM_start = .
 *(USB_RAM)
                0x20000000                . = ALIGN (0x4)
                0x20000000                USB_RAM_end = .
                0x20000000                . = ALIGN (0x8)
                0x20000000                Heap_Bank1_Start = .
                0x00000000                USB_RAM_size = (USB_RAM_end - USB_RAM_start)

.no_init        0x20005fc0       0x20
                0x20005fc0                Heap_Bank1_End = .
 *(.no_init)
 .no_init       0x20005fc0       0x20 ./Startup/system_XMC4200.o
                0x20005fc0                SystemCoreClock
                0x20005fc4                g_chipid
                0x20005fd4                g_hrpwm_char_data
                0x00005fc0                Heap_Bank1_Size = (Heap_Bank1_End - Heap_Bank1_Start)
                0x00000001                ASSERT ((Heap_Bank1_Start <= Heap_Bank1_End), region SRAM_combined overflowed no_init section)

/DISCARD/
 *(.comment)

.stab
 *(.stab)

.stabstr
 *(.stabstr)

.debug
 *(.debug)

.line
 *(.line)

.debug_srcinfo
 *(.debug_srcinfo)

.debug_sfnames
 *(.debug_sfnames)

.debug_aranges  0x00000000      0xd18
 *(.debug_aranges)
 .debug_aranges
                0x00000000       0x20 ./Startup/startup_XMC4200.o
 .debug_aranges
                0x00000020       0x48 ./Startup/system_XMC4200.o
 .debug_aranges
                0x00000068       0x28 ./Libraries/XMCLib/src/xmc4_gpio.o
 .debug_aranges
                0x00000090      0x428 ./Libraries/XMCLib/src/xmc4_scu.o
 .debug_aranges
                0x000004b8      0x120 ./Libraries/XMCLib/src/xmc_can.o
 .debug_aranges
                0x000005d8      0x138 ./Libraries/XMCLib/src/xmc_ccu4.o
 .debug_aranges
                0x00000710       0x28 ./Libraries/XMCLib/src/xmc_gpio.o
 .debug_aranges
                0x00000738       0x28 ./Libraries/Newlib/syscalls.o
 .debug_aranges
                0x00000760       0xd8 ./Dave/Generated/TIMER/timer.o
 .debug_aranges
                0x00000838       0x18 ./Dave/Generated/TIMER/timer_conf.o
 .debug_aranges
                0x00000850      0x110 ./Dave/Generated/PWM/pwm.o
 .debug_aranges
                0x00000960       0x18 ./Dave/Generated/PWM/pwm_conf.o
 .debug_aranges
                0x00000978       0x50 ./Dave/Generated/INTERRUPT/interrupt.o
 .debug_aranges
                0x000009c8       0x18 ./Dave/Generated/INTERRUPT/interrupt_conf.o
 .debug_aranges
                0x000009e0       0x30 ./Dave/Generated/GLOBAL_CCU4/global_ccu4.o
 .debug_aranges
                0x00000a10       0x18 ./Dave/Generated/GLOBAL_CCU4/global_ccu4_conf.o
 .debug_aranges
                0x00000a28       0x28 ./Dave/Generated/GLOBAL_CAN/global_can.o
 .debug_aranges
                0x00000a50       0x18 ./Dave/Generated/GLOBAL_CAN/global_can_conf.o
 .debug_aranges
                0x00000a68       0x28 ./Dave/Generated/DIGITAL_IO/digital_io.o
 .debug_aranges
                0x00000a90       0x18 ./Dave/Generated/DIGITAL_IO/digital_io_conf.o
 .debug_aranges
                0x00000aa8       0x28 ./Dave/Generated/CPU_CTRL_XMC4/cpu_ctrl_xmc4_conf.o
 .debug_aranges
                0x00000ad0       0x38 ./Dave/Generated/CLOCK_XMC4/clock_xmc4.o
 .debug_aranges
                0x00000b08       0x20 ./Dave/Generated/CLOCK_XMC4/clock_xmc4_conf.o
 .debug_aranges
                0x00000b28      0x118 ./Dave/Generated/CAN_NODE/can_node.o
 .debug_aranges
                0x00000c40       0x18 ./Dave/Generated/CAN_NODE/can_node_conf.o
 .debug_aranges
                0x00000c58       0x20 ./Dave/Generated/DAVE.o
 .debug_aranges
                0x00000c78       0xa0 ./main.o

.debug_pubnames
 *(.debug_pubnames)

.debug_pubtypes
 *(.debug_pubtypes)

.debug_info     0x00000000    0x127ec
 *(.debug_info .gnu.linkonce.wi.*)
 .debug_info    0x00000000       0x84 ./Startup/startup_XMC4200.o
 .debug_info    0x00000084      0xa06 ./Startup/system_XMC4200.o
 .debug_info    0x00000a8a      0x4db ./Libraries/XMCLib/src/xmc4_gpio.o
 .debug_info    0x00000f65     0x26b4 ./Libraries/XMCLib/src/xmc4_scu.o
 .debug_info    0x00003619     0x1440 ./Libraries/XMCLib/src/xmc_can.o
 .debug_info    0x00004a59     0x1701 ./Libraries/XMCLib/src/xmc_ccu4.o
 .debug_info    0x0000615a      0x456 ./Libraries/XMCLib/src/xmc_gpio.o
 .debug_info    0x000065b0      0x11f ./Libraries/Newlib/syscalls.o
 .debug_info    0x000066cf      0xe34 ./Dave/Generated/TIMER/timer.o
 .debug_info    0x00007503      0x8dd ./Dave/Generated/TIMER/timer_conf.o
 .debug_info    0x00007de0     0x146f ./Dave/Generated/PWM/pwm.o
 .debug_info    0x0000924f      0xc4f ./Dave/Generated/PWM/pwm_conf.o
 .debug_info    0x00009e9e      0x8ec ./Dave/Generated/INTERRUPT/interrupt.o
 .debug_info    0x0000a78a      0x409 ./Dave/Generated/INTERRUPT/interrupt_conf.o
 .debug_info    0x0000ab93      0x45f ./Dave/Generated/GLOBAL_CCU4/global_ccu4.o
 .debug_info    0x0000aff2      0x35f ./Dave/Generated/GLOBAL_CCU4/global_ccu4_conf.o
 .debug_info    0x0000b351      0x456 ./Dave/Generated/GLOBAL_CAN/global_can.o
 .debug_info    0x0000b7a7      0x374 ./Dave/Generated/GLOBAL_CAN/global_can_conf.o
 .debug_info    0x0000bb1b      0x595 ./Dave/Generated/DIGITAL_IO/digital_io.o
 .debug_info    0x0000c0b0      0x53c ./Dave/Generated/DIGITAL_IO/digital_io_conf.o
 .debug_info    0x0000c5ec      0x52e ./Dave/Generated/CPU_CTRL_XMC4/cpu_ctrl_xmc4_conf.o
 .debug_info    0x0000cb1a      0x2dd ./Dave/Generated/CLOCK_XMC4/clock_xmc4.o
 .debug_info    0x0000cdf7      0x43e ./Dave/Generated/CLOCK_XMC4/clock_xmc4_conf.o
 .debug_info    0x0000d235     0x154d ./Dave/Generated/CAN_NODE/can_node.o
 .debug_info    0x0000e782      0xd16 ./Dave/Generated/CAN_NODE/can_node_conf.o
 .debug_info    0x0000f498     0x181f ./Dave/Generated/DAVE.o
 .debug_info    0x00010cb7     0x1b35 ./main.o

.debug_abbrev   0x00000000     0x2d6a
 *(.debug_abbrev)
 .debug_abbrev  0x00000000       0x14 ./Startup/startup_XMC4200.o
 .debug_abbrev  0x00000014      0x1f1 ./Startup/system_XMC4200.o
 .debug_abbrev  0x00000205      0x153 ./Libraries/XMCLib/src/xmc4_gpio.o
 .debug_abbrev  0x00000358      0x2bf ./Libraries/XMCLib/src/xmc4_scu.o
 .debug_abbrev  0x00000617      0x2ee ./Libraries/XMCLib/src/xmc_can.o
 .debug_abbrev  0x00000905      0x232 ./Libraries/XMCLib/src/xmc_ccu4.o
 .debug_abbrev  0x00000b37      0x144 ./Libraries/XMCLib/src/xmc_gpio.o
 .debug_abbrev  0x00000c7b       0xbd ./Libraries/Newlib/syscalls.o
 .debug_abbrev  0x00000d38      0x252 ./Dave/Generated/TIMER/timer.o
 .debug_abbrev  0x00000f8a      0x181 ./Dave/Generated/TIMER/timer_conf.o
 .debug_abbrev  0x0000110b      0x286 ./Dave/Generated/PWM/pwm.o
 .debug_abbrev  0x00001391      0x19b ./Dave/Generated/PWM/pwm_conf.o
 .debug_abbrev  0x0000152c      0x212 ./Dave/Generated/INTERRUPT/interrupt.o
 .debug_abbrev  0x0000173e       0xd8 ./Dave/Generated/INTERRUPT/interrupt_conf.o
 .debug_abbrev  0x00001816      0x196 ./Dave/Generated/GLOBAL_CCU4/global_ccu4.o
 .debug_abbrev  0x000019ac      0x124 ./Dave/Generated/GLOBAL_CCU4/global_ccu4_conf.o
 .debug_abbrev  0x00001ad0      0x17e ./Dave/Generated/GLOBAL_CAN/global_can.o
 .debug_abbrev  0x00001c4e      0x10c ./Dave/Generated/GLOBAL_CAN/global_can_conf.o
 .debug_abbrev  0x00001d5a      0x171 ./Dave/Generated/DIGITAL_IO/digital_io.o
 .debug_abbrev  0x00001ecb      0x126 ./Dave/Generated/DIGITAL_IO/digital_io_conf.o
 .debug_abbrev  0x00001ff1      0x1b4 ./Dave/Generated/CPU_CTRL_XMC4/cpu_ctrl_xmc4_conf.o
 .debug_abbrev  0x000021a5      0x13d ./Dave/Generated/CLOCK_XMC4/clock_xmc4.o
 .debug_abbrev  0x000022e2      0x134 ./Dave/Generated/CLOCK_XMC4/clock_xmc4_conf.o
 .debug_abbrev  0x00002416      0x2b8 ./Dave/Generated/CAN_NODE/can_node.o
 .debug_abbrev  0x000026ce      0x19f ./Dave/Generated/CAN_NODE/can_node_conf.o
 .debug_abbrev  0x0000286d      0x1e2 ./Dave/Generated/DAVE.o
 .debug_abbrev  0x00002a4f      0x31b ./main.o

.debug_line     0x00000000     0x6c75
 *(.debug_line)
 .debug_line    0x00000000       0x87 ./Startup/startup_XMC4200.o
 .debug_line    0x00000087      0x325 ./Startup/system_XMC4200.o
 .debug_line    0x000003ac      0x24c ./Libraries/XMCLib/src/xmc4_gpio.o
 .debug_line    0x000005f8      0xf39 ./Libraries/XMCLib/src/xmc4_scu.o
 .debug_line    0x00001531      0x6fd ./Libraries/XMCLib/src/xmc_can.o
 .debug_line    0x00001c2e      0x653 ./Libraries/XMCLib/src/xmc_ccu4.o
 .debug_line    0x00002281      0x240 ./Libraries/XMCLib/src/xmc_gpio.o
 .debug_line    0x000024c1       0xe3 ./Libraries/Newlib/syscalls.o
 .debug_line    0x000025a4      0x597 ./Dave/Generated/TIMER/timer.o
 .debug_line    0x00002b3b      0x32b ./Dave/Generated/TIMER/timer_conf.o
 .debug_line    0x00002e66      0x6ad ./Dave/Generated/PWM/pwm.o
 .debug_line    0x00003513      0x342 ./Dave/Generated/PWM/pwm_conf.o
 .debug_line    0x00003855      0x34c ./Dave/Generated/INTERRUPT/interrupt.o
 .debug_line    0x00003ba1      0x23c ./Dave/Generated/INTERRUPT/interrupt_conf.o
 .debug_line    0x00003ddd      0x356 ./Dave/Generated/GLOBAL_CCU4/global_ccu4.o
 .debug_line    0x00004133      0x2c0 ./Dave/Generated/GLOBAL_CCU4/global_ccu4_conf.o
 .debug_line    0x000043f3      0x32f ./Dave/Generated/GLOBAL_CAN/global_can.o
 .debug_line    0x00004722      0x2ae ./Dave/Generated/GLOBAL_CAN/global_can_conf.o
 .debug_line    0x000049d0      0x2b2 ./Dave/Generated/DIGITAL_IO/digital_io.o
 .debug_line    0x00004c82      0x234 ./Dave/Generated/DIGITAL_IO/digital_io_conf.o
 .debug_line    0x00004eb6      0x2ad ./Dave/Generated/CPU_CTRL_XMC4/cpu_ctrl_xmc4_conf.o
 .debug_line    0x00005163      0x2e8 ./Dave/Generated/CLOCK_XMC4/clock_xmc4.o
 .debug_line    0x0000544b      0x2bd ./Dave/Generated/CLOCK_XMC4/clock_xmc4_conf.o
 .debug_line    0x00005708      0x620 ./Dave/Generated/CAN_NODE/can_node.o
 .debug_line    0x00005d28      0x315 ./Dave/Generated/CAN_NODE/can_node_conf.o
 .debug_line    0x0000603d      0x4be ./Dave/Generated/DAVE.o
 .debug_line    0x000064fb      0x77a ./main.o

.debug_frame    0x00000000     0x3530
 *(.debug_frame)
 .debug_frame   0x00000000       0xec ./Startup/system_XMC4200.o
 .debug_frame   0x000000ec       0x60 ./Libraries/XMCLib/src/xmc4_gpio.o
 .debug_frame   0x0000014c     0x139c ./Libraries/XMCLib/src/xmc4_scu.o
 .debug_frame   0x000014e8      0x538 ./Libraries/XMCLib/src/xmc_can.o
 .debug_frame   0x00001a20      0x5b0 ./Libraries/XMCLib/src/xmc_ccu4.o
 .debug_frame   0x00001fd0       0x60 ./Libraries/XMCLib/src/xmc_gpio.o
 .debug_frame   0x00002030       0x5c ./Libraries/Newlib/syscalls.o
 .debug_frame   0x0000208c      0x3ec ./Dave/Generated/TIMER/timer.o
 .debug_frame   0x00002478      0x4e8 ./Dave/Generated/PWM/pwm.o
 .debug_frame   0x00002960      0x124 ./Dave/Generated/INTERRUPT/interrupt.o
 .debug_frame   0x00002a84       0x88 ./Dave/Generated/GLOBAL_CCU4/global_ccu4.o
 .debug_frame   0x00002b0c       0x60 ./Dave/Generated/GLOBAL_CAN/global_can.o
 .debug_frame   0x00002b6c       0x60 ./Dave/Generated/DIGITAL_IO/digital_io.o
 .debug_frame   0x00002bcc       0x60 ./Dave/Generated/CPU_CTRL_XMC4/cpu_ctrl_xmc4_conf.o
 .debug_frame   0x00002c2c       0xac ./Dave/Generated/CLOCK_XMC4/clock_xmc4.o
 .debug_frame   0x00002cd8       0x3c ./Dave/Generated/CLOCK_XMC4/clock_xmc4_conf.o
 .debug_frame   0x00002d14      0x510 ./Dave/Generated/CAN_NODE/can_node.o
 .debug_frame   0x00003224       0x38 ./Dave/Generated/DAVE.o
 .debug_frame   0x0000325c      0x2a8 ./main.o
 .debug_frame   0x00003504       0x2c c:/users/frank/desktop/dave-ide-4.4.2-64bit/dave-ide-4.4.2-64bit/eclipse/arm-gcc-49/bin/../lib/gcc/arm-none-eabi/4.9.3/../../../../arm-none-eabi/lib/armv7e-m/softfp\libg_nano.a(lib_a-init.o)

.debug_str      0x00000000     0x7a91
 *(.debug_str)
 .debug_str     0x00000000      0x5ce ./Startup/system_XMC4200.o
                                0x640 (size before relaxing)
 .debug_str     0x000005ce      0x544 ./Libraries/XMCLib/src/xmc4_gpio.o
                                0x7e3 (size before relaxing)
 .debug_str     0x00000b12     0x2622 ./Libraries/XMCLib/src/xmc4_scu.o
                               0x2b80 (size before relaxing)
 .debug_str     0x00003134      0xb88 ./Libraries/XMCLib/src/xmc_can.o
                               0x12f2 (size before relaxing)
 .debug_str     0x00003cbc     0x150a ./Libraries/XMCLib/src/xmc_ccu4.o
                               0x1c7a (size before relaxing)
 .debug_str     0x000051c6       0xca ./Libraries/XMCLib/src/xmc_gpio.o
                                0x691 (size before relaxing)
 .debug_str     0x00005290       0x6a ./Libraries/Newlib/syscalls.o
                                0x21f (size before relaxing)
 .debug_str     0x000052fa      0x535 ./Dave/Generated/TIMER/timer.o
                                0xc3f (size before relaxing)
 .debug_str     0x0000582f      0x2a2 ./Dave/Generated/TIMER/timer_conf.o
                                0xb8c (size before relaxing)
 .debug_str     0x00005ad1      0x463 ./Dave/Generated/PWM/pwm.o
                               0x1403 (size before relaxing)
 .debug_str     0x00005f34       0x5e ./Dave/Generated/PWM/pwm_conf.o
                               0x1117 (size before relaxing)
 .debug_str     0x00005f92      0x5b9 ./Dave/Generated/INTERRUPT/interrupt.o
                                0x925 (size before relaxing)
 .debug_str     0x0000654b       0x51 ./Dave/Generated/INTERRUPT/interrupt_conf.o
                                0x70b (size before relaxing)
 .debug_str     0x0000659c       0xb5 ./Dave/Generated/GLOBAL_CCU4/global_ccu4.o
                                0x5a2 (size before relaxing)
 .debug_str     0x00006651       0x31 ./Dave/Generated/GLOBAL_CCU4/global_ccu4_conf.o
                                0x4b6 (size before relaxing)
 .debug_str     0x00006682       0xed ./Dave/Generated/GLOBAL_CAN/global_can.o
                                0x460 (size before relaxing)
 .debug_str     0x0000676f       0x3c ./Dave/Generated/GLOBAL_CAN/global_can_conf.o
                                0x379 (size before relaxing)
 .debug_str     0x000067ab       0xdf ./Dave/Generated/DIGITAL_IO/digital_io.o
                                0x920 (size before relaxing)
 .debug_str     0x0000688a       0x8e ./Dave/Generated/DIGITAL_IO/digital_io_conf.o
                                0x8c0 (size before relaxing)
 .debug_str     0x00006918       0x88 ./Dave/Generated/CPU_CTRL_XMC4/cpu_ctrl_xmc4_conf.o
                                0x423 (size before relaxing)
 .debug_str     0x000069a0       0xe7 ./Dave/Generated/CLOCK_XMC4/clock_xmc4.o
                                0x3d4 (size before relaxing)
 .debug_str     0x00006a87       0x50 ./Dave/Generated/CLOCK_XMC4/clock_xmc4_conf.o
                                0x7b4 (size before relaxing)
 .debug_str     0x00006ad7      0x93a ./Dave/Generated/CAN_NODE/can_node.o
                               0x1650 (size before relaxing)
 .debug_str     0x00007411      0x1ae ./Dave/Generated/CAN_NODE/can_node_conf.o
                                0xf72 (size before relaxing)
 .debug_str     0x000075bf       0x65 ./Dave/Generated/DAVE.o
                               0x1a35 (size before relaxing)
 .debug_str     0x00007624      0x46d ./main.o
                               0x1bcc (size before relaxing)

.debug_loc      0x00000000     0x6ea0
 *(.debug_loc)
 .debug_loc     0x00000000      0x1a4 ./Startup/system_XMC4200.o
 .debug_loc     0x000001a4       0xb8 ./Libraries/XMCLib/src/xmc4_gpio.o
 .debug_loc     0x0000025c     0x2948 ./Libraries/XMCLib/src/xmc4_scu.o
 .debug_loc     0x00002ba4      0xb66 ./Libraries/XMCLib/src/xmc_can.o
 .debug_loc     0x0000370a      0xc90 ./Libraries/XMCLib/src/xmc_ccu4.o
 .debug_loc     0x0000439a       0xb8 ./Libraries/XMCLib/src/xmc_gpio.o
 .debug_loc     0x00004452       0x94 ./Libraries/Newlib/syscalls.o
 .debug_loc     0x000044e6      0x81e ./Dave/Generated/TIMER/timer.o
 .debug_loc     0x00004d04      0xa4c ./Dave/Generated/PWM/pwm.o
 .debug_loc     0x00005750      0x254 ./Dave/Generated/INTERRUPT/interrupt.o
 .debug_loc     0x000059a4      0x108 ./Dave/Generated/GLOBAL_CCU4/global_ccu4.o
 .debug_loc     0x00005aac       0xac ./Dave/Generated/GLOBAL_CAN/global_can.o
 .debug_loc     0x00005b58       0xac ./Dave/Generated/DIGITAL_IO/digital_io.o
 .debug_loc     0x00005c04       0xac ./Dave/Generated/CPU_CTRL_XMC4/cpu_ctrl_xmc4_conf.o
 .debug_loc     0x00005cb0      0x14c ./Dave/Generated/CLOCK_XMC4/clock_xmc4.o
 .debug_loc     0x00005dfc       0x50 ./Dave/Generated/CLOCK_XMC4/clock_xmc4_conf.o
 .debug_loc     0x00005e4c      0xab4 ./Dave/Generated/CAN_NODE/can_node.o
 .debug_loc     0x00006900       0x50 ./Dave/Generated/DAVE.o
 .debug_loc     0x00006950      0x550 ./main.o

.debug_macinfo
 *(.debug_macinfo)

.debug_ranges   0x00000000      0xb20
 *(.debug_ranges)
 .debug_ranges  0x00000000       0x38 ./Startup/system_XMC4200.o
 .debug_ranges  0x00000038       0x18 ./Libraries/XMCLib/src/xmc4_gpio.o
 .debug_ranges  0x00000050      0x418 ./Libraries/XMCLib/src/xmc4_scu.o
 .debug_ranges  0x00000468      0x110 ./Libraries/XMCLib/src/xmc_can.o
 .debug_ranges  0x00000578      0x128 ./Libraries/XMCLib/src/xmc_ccu4.o
 .debug_ranges  0x000006a0       0x18 ./Libraries/XMCLib/src/xmc_gpio.o
 .debug_ranges  0x000006b8       0x18 ./Libraries/Newlib/syscalls.o
 .debug_ranges  0x000006d0       0xc8 ./Dave/Generated/TIMER/timer.o
 .debug_ranges  0x00000798      0x100 ./Dave/Generated/PWM/pwm.o
 .debug_ranges  0x00000898       0x40 ./Dave/Generated/INTERRUPT/interrupt.o
 .debug_ranges  0x000008d8       0x20 ./Dave/Generated/GLOBAL_CCU4/global_ccu4.o
 .debug_ranges  0x000008f8       0x18 ./Dave/Generated/GLOBAL_CAN/global_can.o
 .debug_ranges  0x00000910       0x18 ./Dave/Generated/DIGITAL_IO/digital_io.o
 .debug_ranges  0x00000928       0x18 ./Dave/Generated/CPU_CTRL_XMC4/cpu_ctrl_xmc4_conf.o
 .debug_ranges  0x00000940       0x28 ./Dave/Generated/CLOCK_XMC4/clock_xmc4.o
 .debug_ranges  0x00000968       0x10 ./Dave/Generated/CLOCK_XMC4/clock_xmc4_conf.o
 .debug_ranges  0x00000978      0x108 ./Dave/Generated/CAN_NODE/can_node.o
 .debug_ranges  0x00000a80       0x10 ./Dave/Generated/DAVE.o
 .debug_ranges  0x00000a90       0x90 ./main.o

.debug_weaknames
 *(.debug_weaknames)

.debug_funcnames
 *(.debug_funcnames)

.debug_typenames
 *(.debug_typenames)

.debug_varnames
 *(.debug_varnames)

.build_attributes
                0x00000000      0x653
 *(.ARM.attributes)
 .ARM.attributes
                0x00000000       0x25 ./Startup/startup_XMC4200.o
 .ARM.attributes
                0x00000025       0x37 ./Startup/system_XMC4200.o
 .ARM.attributes
                0x0000005c       0x37 ./Libraries/XMCLib/src/xmc4_gpio.o
 .ARM.attributes
                0x00000093       0x37 ./Libraries/XMCLib/src/xmc4_scu.o
 .ARM.attributes
                0x000000ca       0x37 ./Libraries/XMCLib/src/xmc_can.o
 .ARM.attributes
                0x00000101       0x37 ./Libraries/XMCLib/src/xmc_ccu4.o
 .ARM.attributes
                0x00000138       0x37 ./Libraries/XMCLib/src/xmc_gpio.o
 .ARM.attributes
                0x0000016f       0x37 ./Libraries/Newlib/syscalls.o
 .ARM.attributes
                0x000001a6       0x37 ./Dave/Generated/TIMER/timer.o
 .ARM.attributes
                0x000001dd       0x37 ./Dave/Generated/TIMER/timer_conf.o
 .ARM.attributes
                0x00000214       0x37 ./Dave/Generated/PWM/pwm.o
 .ARM.attributes
                0x0000024b       0x37 ./Dave/Generated/PWM/pwm_conf.o
 .ARM.attributes
                0x00000282       0x37 ./Dave/Generated/INTERRUPT/interrupt.o
 .ARM.attributes
                0x000002b9       0x37 ./Dave/Generated/INTERRUPT/interrupt_conf.o
 .ARM.attributes
                0x000002f0       0x37 ./Dave/Generated/GLOBAL_CCU4/global_ccu4.o
 .ARM.attributes
                0x00000327       0x37 ./Dave/Generated/GLOBAL_CCU4/global_ccu4_conf.o
 .ARM.attributes
                0x0000035e       0x37 ./Dave/Generated/GLOBAL_CAN/global_can.o
 .ARM.attributes
                0x00000395       0x37 ./Dave/Generated/GLOBAL_CAN/global_can_conf.o
 .ARM.attributes
                0x000003cc       0x37 ./Dave/Generated/DIGITAL_IO/digital_io.o
 .ARM.attributes
                0x00000403       0x37 ./Dave/Generated/DIGITAL_IO/digital_io_conf.o
 .ARM.attributes
                0x0000043a       0x37 ./Dave/Generated/CPU_CTRL_XMC4/cpu_ctrl_xmc4_conf.o
 .ARM.attributes
                0x00000471       0x37 ./Dave/Generated/CLOCK_XMC4/clock_xmc4.o
 .ARM.attributes
                0x000004a8       0x37 ./Dave/Generated/CLOCK_XMC4/clock_xmc4_conf.o
 .ARM.attributes
                0x000004df       0x37 ./Dave/Generated/CAN_NODE/can_node.o
 .ARM.attributes
                0x00000516       0x37 ./Dave/Generated/CAN_NODE/can_node_conf.o
 .ARM.attributes
                0x0000054d       0x37 ./Dave/Generated/DAVE.o
 .ARM.attributes
                0x00000584       0x37 ./main.o
 .ARM.attributes
                0x000005bb       0x22 c:/users/frank/desktop/dave-ide-4.4.2-64bit/dave-ide-4.4.2-64bit/eclipse/arm-gcc-49/bin/../lib/gcc/arm-none-eabi/4.9.3/armv7e-m/softfp\libgcc.a(_arm_addsubdf3.o)
 .ARM.attributes
                0x000005dd       0x22 c:/users/frank/desktop/dave-ide-4.4.2-64bit/dave-ide-4.4.2-64bit/eclipse/arm-gcc-49/bin/../lib/gcc/arm-none-eabi/4.9.3/armv7e-m/softfp\libgcc.a(_arm_muldivdf3.o)
 .ARM.attributes
                0x000005ff       0x22 c:/users/frank/desktop/dave-ide-4.4.2-64bit/dave-ide-4.4.2-64bit/eclipse/arm-gcc-49/bin/../lib/gcc/arm-none-eabi/4.9.3/armv7e-m/softfp\libgcc.a(_arm_fixdfsi.o)
 .ARM.attributes
                0x00000621       0x32 c:/users/frank/desktop/dave-ide-4.4.2-64bit/dave-ide-4.4.2-64bit/eclipse/arm-gcc-49/bin/../lib/gcc/arm-none-eabi/4.9.3/../../../../arm-none-eabi/lib/armv7e-m/softfp\libg_nano.a(lib_a-init.o)
OUTPUT(4200_CAN_Project.elf elf32-littlearm)
